#
# There is insufficient memory for the Java Runtime Environment to continue.
# Native memory allocation (malloc) failed to allocate 1048576 bytes. Error detail: AllocateHeap
# Possible reasons:
#   The system is out of physical RAM or swap space
#   This process is running with CompressedOops enabled, and the Java Heap may be blocking the growth of the native heap
# Possible solutions:
#   Reduce memory load on the system
#   Increase physical memory or swap space
#   Check if swap backing store is full
#   Decrease Java heap size (-Xmx/-Xms)
#   Decrease number of Java threads
#   Decrease Java thread stack sizes (-Xss)
#   Set larger code cache with -XX:ReservedCodeCacheSize=
#   JVM is running with Unscaled Compressed Oops mode in which the Java heap is
#     placed in the first 4GB address space. The Java Heap base address is the
#     maximum limit for the native heap growth. Please use -XX:HeapBaseMinAddress
#     to set the Java Heap base and to place the Java Heap above 4GB virtual address.
# This output file may be truncated or incomplete.
#
#  Out of Memory Error (allocation.cpp:44), pid=11088, tid=9512
#
# JRE version: OpenJDK Runtime Environment Temurin-21.0.10+7 (21.0.10+7) (build 21.0.10+7-LTS)
# Java VM: OpenJDK 64-Bit Server VM Temurin-21.0.10+7 (21.0.10+7-LTS, mixed mode, sharing, tiered, compressed oops, compressed class ptrs, parallel gc, windows-amd64)
# No core dump will be written. Minidumps are not enabled by default on client versions of Windows
#

---------------  S U M M A R Y ------------

Command Line: --add-modules=ALL-SYSTEM --add-opens=java.base/java.util=ALL-UNNAMED --add-opens=java.base/java.lang=ALL-UNNAMED --add-opens=java.base/sun.nio.fs=ALL-UNNAMED -Declipse.application=org.eclipse.jdt.ls.core.id1 -Dosgi.bundles.defaultStartLevel=4 -Declipse.product=org.eclipse.jdt.ls.core.product -Djava.import.generatesMetadataFilesAtProjectRoot=false -DDetectVMInstallationsJob.disabled=true -Dfile.encoding=utf8 -XX:+UseParallelGC -XX:GCTimeRatio=4 -XX:AdaptiveSizePolicyWeight=90 -Dsun.zip.disableMemoryMapping=true -Xmx2G -Xms100m -Xlog:disable -javaagent:c:\Users\tuan\.antigravity-ide\extensions\redhat.java-1.54.0-win32-x64\lombok\lombok-1.18.39-4050.jar -XX:+HeapDumpOnOutOfMemoryError -XX:HeapDumpPath=c:\Users\tuan\AppData\Roaming\Antigravity IDE\User\workspaceStorage\db2389fb667593cc09148b34c2eb951b\redhat.java -Daether.dependencyCollector.impl=bf c:\Users\tuan\.antigravity-ide\extensions\redhat.java-1.54.0-win32-x64\server\plugins\org.eclipse.equinox.launcher_1.7.100.v20251111-0406.jar -configuration c:\Users\tuan\AppData\Roaming\Antigravity IDE\User\globalStorage\redhat.java\1.54.0\config_win -data c:\Users\tuan\AppData\Roaming\Antigravity IDE\User\workspaceStorage\db2389fb667593cc09148b34c2eb951b\redhat.java\jdt_ws --pipe=\\.\pipe\lsp-ebebb78d101949ee05887b52aa7b3498-sock

Host: Intel(R) Core(TM) i5-8350U CPU @ 1.70GHz, 8 cores, 11G,  Windows 11 , 64 bit Build 26100 (10.0.26100.8521)
Time: Sun Jun 21 18:36:45 2026 SE Asia Standard Time elapsed time: 1312.691599 seconds (0d 0h 21m 52s)

---------------  T H R E A D  ---------------

Current thread (0x000001d144e79800):  JavaThread "Attach Listener" daemon [_thread_in_vm, id=9512, stack(0x0000005f92400000,0x0000005f92500000) (1024K)]

Stack: [0x0000005f92400000,0x0000005f92500000]
Native frames: (J=compiled Java code, j=interpreted, Vv=VM code, C=native code)
V  [jvm.dll+0x6d7a39]
V  [jvm.dll+0x8b4b26]
V  [jvm.dll+0x8b70de]
V  [jvm.dll+0x8b77c3]
V  [jvm.dll+0x284346]
V  [jvm.dll+0xc1277]
V  [jvm.dll+0x6d82e9]
V  [jvm.dll+0x1334a6]
V  [jvm.dll+0x3f857e]
V  [jvm.dll+0x85f59d]
V  [jvm.dll+0x6d626d]
C  [ucrtbase.dll+0x2cd30]
C  [KERNEL32.DLL+0x2e957]
C  [ntdll.dll+0x87c1c]


---------------  P R O C E S S  ---------------

Threads class SMR info:
_java_thread_list=0x000001d162d48460, length=44, elements={
0x000001d144efd6a0, 0x000001d144fbcf70, 0x000001d144e75780, 0x000001d144e78da0,
0x000001d144e79800, 0x000001d144e7a260, 0x000001d144e7acc0, 0x000001d144e7bb00,
0x000001d15d175f90, 0x000001d15d2c4930, 0x000001d15d450370, 0x000001d15dc01410,
0x000001d15dc027c0, 0x000001d15dc01aa0, 0x000001d15dc00d80, 0x000001d15dc00060,
0x000001d15dc02130, 0x000001d15dc02e50, 0x000001d15dc006f0, 0x000001d162dd91b0,
0x000001d162ddccc0, 0x000001d162ddbfa0, 0x000001d162dde700, 0x000001d162de07d0,
0x000001d162ddfab0, 0x000001d162ddd9e0, 0x000001d162de0140, 0x000001d162dde070,
0x000001d162dded90, 0x000001d162ddf420, 0x000001d16337dcb0, 0x000001d16337cf90,
0x000001d16337d620, 0x000001d16337e9d0, 0x000001d162dd9ed0, 0x000001d162ddd350,
0x000001d162dda560, 0x000001d162ddabf0, 0x000001d162ddb910, 0x000001d162ddb280,
0x000001d16337f060, 0x000001d16337f6f0, 0x000001d16337e340, 0x000001d16337fd80
}

Java Threads: ( => current thread )
  0x000001d144efd6a0 JavaThread "main"                              [_thread_blocked, id=15272, stack(0x0000005f91d00000,0x0000005f91e00000) (1024K)]
  0x000001d144fbcf70 JavaThread "Reference Handler"          daemon [_thread_blocked, id=11540, stack(0x0000005f92100000,0x0000005f92200000) (1024K)]
  0x000001d144e75780 JavaThread "Finalizer"                  daemon [_thread_blocked, id=2188, stack(0x0000005f92200000,0x0000005f92300000) (1024K)]
  0x000001d144e78da0 JavaThread "Signal Dispatcher"          daemon [_thread_blocked, id=11312, stack(0x0000005f92300000,0x0000005f92400000) (1024K)]
=>0x000001d144e79800 JavaThread "Attach Listener"            daemon [_thread_in_vm, id=9512, stack(0x0000005f92400000,0x0000005f92500000) (1024K)]
  0x000001d144e7a260 JavaThread "Service Thread"             daemon [_thread_blocked, id=16500, stack(0x0000005f92500000,0x0000005f92600000) (1024K)]
  0x000001d144e7acc0 JavaThread "Monitor Deflation Thread"   daemon [_thread_blocked, id=17512, stack(0x0000005f92600000,0x0000005f92700000) (1024K)]
  0x000001d144e7bb00 JavaThread "C2 CompilerThread0"         daemon [_thread_blocked, id=17880, stack(0x0000005f92700000,0x0000005f92800000) (1024K)]
  0x000001d15d175f90 JavaThread "C1 CompilerThread0"         daemon [_thread_blocked, id=19148, stack(0x0000005f92800000,0x0000005f92900000) (1024K)]
  0x000001d15d2c4930 JavaThread "Common-Cleaner"             daemon [_thread_blocked, id=13636, stack(0x0000005f92a00000,0x0000005f92b00000) (1024K)]
  0x000001d15d450370 JavaThread "Notification Thread"        daemon [_thread_blocked, id=19008, stack(0x0000005f92900000,0x0000005f92a00000) (1024K)]
  0x000001d15dc01410 JavaThread "Active Thread: Equinox Container: 61785c62-fbe5-4c68-b66e-554025cc599f"        [_thread_blocked, id=15596, stack(0x0000005f92b00000,0x0000005f92c00000) (1024K)]
  0x000001d15dc027c0 JavaThread "Refresh Thread: Equinox Container: 61785c62-fbe5-4c68-b66e-554025cc599f" daemon [_thread_blocked, id=2940, stack(0x0000005f93200000,0x0000005f93300000) (1024K)]
  0x000001d15dc01aa0 JavaThread "Framework Event Dispatcher: Equinox Container: 61785c62-fbe5-4c68-b66e-554025cc599f" daemon [_thread_blocked, id=17072, stack(0x0000005f93400000,0x0000005f93500000) (1024K)]
  0x000001d15dc00d80 JavaThread "Start Level: Equinox Container: 61785c62-fbe5-4c68-b66e-554025cc599f" daemon [_thread_blocked, id=11904, stack(0x0000005f93500000,0x0000005f93600000) (1024K)]
  0x000001d15dc00060 JavaThread "Bundle File Closer"         daemon [_thread_blocked, id=6572, stack(0x0000005f93600000,0x0000005f93700000) (1024K)]
  0x000001d15dc02130 JavaThread "SCR Component Actor"        daemon [_thread_blocked, id=9716, stack(0x0000005f91b00000,0x0000005f91c00000) (1024K)]
  0x000001d15dc02e50 JavaThread "Worker-JM"                         [_thread_blocked, id=8964, stack(0x0000005f93700000,0x0000005f93800000) (1024K)]
  0x000001d15dc006f0 JavaThread "JNA Cleaner"                daemon [_thread_blocked, id=14692, stack(0x0000005f93800000,0x0000005f93900000) (1024K)]
  0x000001d162dd91b0 JavaThread "Worker-1"                          [_thread_blocked, id=14888, stack(0x0000005f93b00000,0x0000005f93c00000) (1024K)]
  0x000001d162ddccc0 JavaThread "Java indexing"              daemon [_thread_blocked, id=14748, stack(0x0000005f93f00000,0x0000005f94000000) (1024K)]
  0x000001d162ddbfa0 JavaThread "Worker-4"                          [_thread_blocked, id=8196, stack(0x0000005f94000000,0x0000005f94100000) (1024K)]
  0x000001d162dde700 JavaThread "Thread-1"                   daemon [_thread_in_native, id=11032, stack(0x0000005f94500000,0x0000005f94600000) (1024K)]
  0x000001d162de07d0 JavaThread "Thread-2"                   daemon [_thread_in_native, id=6200, stack(0x0000005f94600000,0x0000005f94700000) (1024K)]
  0x000001d162ddfab0 JavaThread "Thread-3"                   daemon [_thread_in_native, id=9032, stack(0x0000005f94700000,0x0000005f94800000) (1024K)]
  0x000001d162ddd9e0 JavaThread "Thread-4"                   daemon [_thread_in_native, id=7260, stack(0x0000005f94800000,0x0000005f94900000) (1024K)]
  0x000001d162de0140 JavaThread "Thread-5"                   daemon [_thread_in_native, id=18852, stack(0x0000005f94900000,0x0000005f94a00000) (1024K)]
  0x000001d162dde070 JavaThread "Thread-6"                   daemon [_thread_in_native, id=18860, stack(0x0000005f94a00000,0x0000005f94b00000) (1024K)]
  0x000001d162dded90 JavaThread "Thread-7"                   daemon [_thread_in_native, id=10540, stack(0x0000005f94b00000,0x0000005f94c00000) (1024K)]
  0x000001d162ddf420 JavaThread "Thread-8"                   daemon [_thread_in_native, id=9180, stack(0x0000005f94c00000,0x0000005f94d00000) (1024K)]
  0x000001d16337dcb0 JavaThread "Thread-9"                   daemon [_thread_in_native, id=19096, stack(0x0000005f94d00000,0x0000005f94e00000) (1024K)]
  0x000001d16337cf90 JavaThread "pool-2-thread-1"                   [_thread_blocked, id=12556, stack(0x0000005f94e00000,0x0000005f94f00000) (1024K)]
  0x000001d16337d620 JavaThread "WorkspaceEventsHandler"            [_thread_blocked, id=4720, stack(0x0000005f94f00000,0x0000005f95000000) (1024K)]
  0x000001d16337e9d0 JavaThread "pool-1-thread-1"                   [_thread_blocked, id=6400, stack(0x0000005f95000000,0x0000005f95100000) (1024K)]
  0x000001d162dd9ed0 JavaThread "Worker-7"                          [_thread_blocked, id=13416, stack(0x0000005f91a00000,0x0000005f91b00000) (1024K)]
  0x000001d162ddd350 JavaThread "Worker-8"                          [_thread_blocked, id=14460, stack(0x0000005f91c00000,0x0000005f91d00000) (1024K)]
  0x000001d162dda560 JavaThread "Compiler Source File Reader" daemon [_thread_blocked, id=12632, stack(0x0000005f93900000,0x0000005f93a00000) (1024K)]
  0x000001d162ddabf0 JavaThread "Compiler Processing Task"   daemon [_thread_blocked, id=2964, stack(0x0000005f93c00000,0x0000005f93d00000) (1024K)]
  0x000001d162ddb910 JavaThread "ForkJoinPool.commonPool-worker-8" daemon [_thread_blocked, id=724, stack(0x0000005f93a00000,0x0000005f93b00000) (1024K)]
  0x000001d162ddb280 JavaThread "ForkJoinPool.commonPool-worker-9" daemon [_thread_blocked, id=18856, stack(0x0000005f93d00000,0x0000005f93e00000) (1024K)]
  0x000001d16337f060 JavaThread "ForkJoinPool.commonPool-worker-10" daemon [_thread_blocked, id=14192, stack(0x0000005f93e00000,0x0000005f93f00000) (1024K)]
  0x000001d16337f6f0 JavaThread "ForkJoinPool.commonPool-worker-11" daemon [_thread_blocked, id=18376, stack(0x0000005f94100000,0x0000005f94200000) (1024K)]
  0x000001d16337e340 JavaThread "ForkJoinPool.commonPool-worker-12" daemon [_thread_blocked, id=18080, stack(0x0000005f94200000,0x0000005f94300000) (1024K)]
  0x000001d16337fd80 JavaThread "Cleaner-0"                  daemon [_thread_blocked, id=3620, stack(0x0000005f95100000,0x0000005f95200000) (1024K)]
Total: 44

Other Threads:
  0x000001d144fa0a40 VMThread "VM Thread"                           [id=10232, stack(0x0000005f92000000,0x0000005f92100000) (1024K)]
  0x000001d144d8ca00 WatcherThread "VM Periodic Task Thread"        [id=11272, stack(0x0000005f91f00000,0x0000005f92000000) (1024K)]
  0x000001d144f1aa50 WorkerThread "GC Thread#0"                     [id=5580, stack(0x0000005f91e00000,0x0000005f91f00000) (1024K)]
  0x000001d1620ecc80 WorkerThread "GC Thread#1"                     [id=14148, stack(0x0000005f92c00000,0x0000005f92d00000) (1024K)]
  0x000001d15dcf0a70 WorkerThread "GC Thread#2"                     [id=10756, stack(0x0000005f92d00000,0x0000005f92e00000) (1024K)]
  0x000001d1620ed030 WorkerThread "GC Thread#3"                     [id=14216, stack(0x0000005f92e00000,0x0000005f92f00000) (1024K)]
  0x000001d15d84a510 WorkerThread "GC Thread#4"                     [id=16964, stack(0x0000005f92f00000,0x0000005f93000000) (1024K)]
  0x000001d15d84a8c0 WorkerThread "GC Thread#5"                     [id=7584, stack(0x0000005f93000000,0x0000005f93100000) (1024K)]
  0x000001d15d84ac70 WorkerThread "GC Thread#6"                     [id=13456, stack(0x0000005f93100000,0x0000005f93200000) (1024K)]
  0x000001d15d771150 WorkerThread "GC Thread#7"                     [id=16872, stack(0x0000005f93300000,0x0000005f93400000) (1024K)]
Total: 10

Threads with active compile tasks:
Total: 0

VM state: not at safepoint (normal execution)

VM Mutex/Monitor currently owned by a thread: None

Heap address: 0x0000000080000000, size: 2048 MB, Compressed Oops mode: 32-bit

CDS archive(s) mapped at: [0x000001d100000000-0x000001d100ba0000-0x000001d100ba0000), size 12189696, SharedBaseAddress: 0x000001d100000000, ArchiveRelocationMode: 1.
Compressed class space mapped at: 0x000001d101000000-0x000001d141000000, reserved size: 1073741824
Narrow klass base: 0x000001d100000000, Narrow klass shift: 0, Narrow klass range: 0x100000000

GC Precious Log:
 CardTable entry size: 512
 CPUs: 8 total, 8 available
 Memory: 12166M
 Large Page Support: Disabled
 NUMA Support: Disabled
 Compressed Oops: Enabled (32-bit)
 Alignments: Space 512K, Generation 512K, Heap 2M
 Heap Min Capacity: 100M
 Heap Initial Capacity: 100M
 Heap Max Capacity: 2G
 Pre-touch: Disabled
 Parallel Workers: 8

Heap:
 PSYoungGen      total 9216K, used 346K [0x00000000d5580000, 0x00000000d6080000, 0x0000000100000000)
  eden space 8704K, 1% used [0x00000000d5580000,0x00000000d5596b58,0x00000000d5e00000)
  from space 512K, 50% used [0x00000000d6000000,0x00000000d6040000,0x00000000d6080000)
  to   space 512K, 0% used [0x00000000d5f80000,0x00000000d5f80000,0x00000000d6000000)
 ParOldGen       total 154624K, used 154305K [0x0000000080000000, 0x0000000089700000, 0x00000000d5580000)
  object space 154624K, 99% used [0x0000000080000000,0x00000000896b0710,0x0000000089700000)
 Metaspace       used 73314K, committed 74816K, reserved 1179648K
  class space    used 7379K, committed 8064K, reserved 1048576K

Card table byte_map: [0x000001d1448a0000,0x000001d144cb0000] _byte_map_base: 0x000001d1444a0000

Marking Bits: (ParMarkBitMap*) 0x00007fff0f543450
 Begin Bits: [0x000001d1573b0000, 0x000001d1593b0000)
 End Bits:   [0x000001d1593b0000, 0x000001d15b3b0000)

Polling page: 0x000001d142d90000

Metaspace:

Usage:
  Non-class:     64.39 MB used.
      Class:      7.21 MB used.
       Both:     71.60 MB used.

Virtual space:
  Non-class space:      128.00 MB reserved,      65.19 MB ( 51%) committed,  2 nodes.
      Class space:        1.00 GB reserved,       7.88 MB ( <1%) committed,  1 nodes.
             Both:        1.12 GB reserved,      73.06 MB (  6%) committed. 

Chunk freelists:
   Non-Class:  14.84 MB
       Class:  8.10 MB
        Both:  22.94 MB

MaxMetaspaceSize: unlimited
CompressedClassSpaceSize: 1.00 GB
Initial GC threshold: 21.00 MB
Current GC threshold: 98.12 MB
CDS: on
 - commit_granule_bytes: 65536.
 - commit_granule_words: 8192.
 - virtual_space_node_default_size: 8388608.
 - enlarge_chunks_in_place: 1.
 - use_allocation_guard: 0.


Internal statistics:

num_allocs_failed_limit: 13.
num_arena_births: 1402.
num_arena_deaths: 14.
num_vsnodes_births: 3.
num_vsnodes_deaths: 0.
num_space_committed: 1169.
num_space_uncommitted: 0.
num_chunks_returned_to_freelist: 27.
num_chunks_taken_from_freelist: 5033.
num_chunk_merges: 15.
num_chunk_splits: 3027.
num_chunks_enlarged: 1605.
num_inconsistent_stats: 0.

CodeHeap 'non-profiled nmethods': size=120000Kb used=13552Kb max_used=13552Kb free=106447Kb
 bounds [0x000001d14fbd0000, 0x000001d150910000, 0x000001d157100000]
CodeHeap 'profiled nmethods': size=120000Kb used=38828Kb max_used=38828Kb free=81171Kb
 bounds [0x000001d148100000, 0x000001d14a6f0000, 0x000001d14f630000]
CodeHeap 'non-nmethods': size=5760Kb used=1466Kb max_used=1575Kb free=4294Kb
 bounds [0x000001d14f630000, 0x000001d14f8a0000, 0x000001d14fbd0000]
CodeCache: size=245760Kb, used=53846Kb, max_used=53955Kb, free=191912Kb
 total_blobs=16061, nmethods=15276, adapters=689, full_count=0
Compilation: enabled, stopped_count=0, restarted_count=0

Compilation events (20 events):
Event: 1286.874 Thread 0x000001d144e7bb00 16262       4       org.eclipse.core.runtime.SubProgressMonitor::worked (7 bytes)
Event: 1286.877 Thread 0x000001d144e7bb00 nmethod 16262 0x000001d150904f10 code [0x000001d1509050c0, 0x000001d150905228]
Event: 1287.073 Thread 0x000001d144e7bb00 16263       4       org.eclipse.jdt.ls.core.internal.filesystem.JLSFile::getFileStore (102 bytes)
Event: 1287.100 Thread 0x000001d15d175f90 16264       1       org.eclipse.core.internal.jobs.InternalJob::getWaitQueueStamp (5 bytes)
Event: 1287.100 Thread 0x000001d15d175f90 nmethod 16264 0x000001d150905390 code [0x000001d150905520, 0x000001d1509055e8]
Event: 1287.101 Thread 0x000001d15d175f90 16265       3       org.eclipse.core.internal.dtree.DeltaDataTree::<init> (20 bytes)
Event: 1287.101 Thread 0x000001d15d175f90 nmethod 16265 0x000001d14a6e7d10 code [0x000001d14a6e7ee0, 0x000001d14a6e8240]
Event: 1287.102 Thread 0x000001d15d175f90 16266       3       org.eclipse.jdt.internal.core.JavaProject::calculateHashCode (8 bytes)
Event: 1287.102 Thread 0x000001d15d175f90 nmethod 16266 0x000001d14a6e8390 code [0x000001d14a6e8540, 0x000001d14a6e8718]
Event: 1287.126 Thread 0x000001d144e7bb00 nmethod 16263 0x000001d150905690 code [0x000001d1509059a0, 0x000001d1509068c0]
Event: 1302.895 Thread 0x000001d15d175f90 16267   !   3       org.eclipse.jdt.core.dom.QualifiedName::getQualifier (60 bytes)
Event: 1302.898 Thread 0x000001d15d175f90 nmethod 16267 0x000001d14a6e8810 code [0x000001d14a6e8a80, 0x000001d14a6e9558]
Event: 1302.898 Thread 0x000001d15d175f90 16269   !   3       org.eclipse.jdt.core.dom.QualifiedName::getName (60 bytes)
Event: 1302.901 Thread 0x000001d15d175f90 nmethod 16269 0x000001d14a6e9c10 code [0x000001d14a6e9e80, 0x000001d14a6ea958]
Event: 1302.901 Thread 0x000001d15d175f90 16268       3       org.eclipse.jdt.core.dom.ASTVisitor::endVisit (1 bytes)
Event: 1302.901 Thread 0x000001d15d175f90 nmethod 16268 0x000001d14a6eb010 code [0x000001d14a6eb1a0, 0x000001d14a6eb2a8]
Event: 1302.901 Thread 0x000001d15d175f90 16270       1       org.eclipse.jdt.core.dom.MethodInvocation::arguments (5 bytes)
Event: 1302.904 Thread 0x000001d15d175f90 nmethod 16270 0x000001d150907410 code [0x000001d1509075a0, 0x000001d150907668]
Event: 1302.904 Thread 0x000001d144e7bb00 16271       4       org.eclipse.jdt.internal.core.JavaModel::getTarget (17 bytes)
Event: 1302.990 Thread 0x000001d144e7bb00 nmethod 16271 0x000001d150907710 code [0x000001d150907c00, 0x000001d15090a368]

GC Heap History (20 events):
Event: 1260.833 GC heap before
{Heap before GC invocations=146 (full 3):
 PSYoungGen      total 9216K, used 8912K [0x00000000d5580000, 0x00000000d6000000, 0x0000000100000000)
  eden space 8704K, 100% used [0x00000000d5580000,0x00000000d5e00000,0x00000000d5e00000)
  from space 512K, 40% used [0x00000000d5f80000,0x00000000d5fb4010,0x00000000d6000000)
  to   space 1024K, 0% used [0x00000000d5e00000,0x00000000d5e00000,0x00000000d5f00000)
 ParOldGen       total 150528K, used 150217K [0x0000000080000000, 0x0000000089300000, 0x00000000d5580000)
  object space 150528K, 99% used [0x0000000080000000,0x00000000892b2678,0x0000000089300000)
 Metaspace       used 69520K, committed 70976K, reserved 1114112K
  class space    used 7058K, committed 7680K, reserved 1048576K
}
Event: 1260.834 GC heap after
{Heap after GC invocations=146 (full 3):
 PSYoungGen      total 9728K, used 256K [0x00000000d5580000, 0x00000000d6000000, 0x0000000100000000)
  eden space 8704K, 0% used [0x00000000d5580000,0x00000000d5580000,0x00000000d5e00000)
  from space 1024K, 25% used [0x00000000d5e00000,0x00000000d5e40000,0x00000000d5f00000)
  to   space 512K, 0% used [0x00000000d5f80000,0x00000000d5f80000,0x00000000d6000000)
 ParOldGen       total 150528K, used 150249K [0x0000000080000000, 0x0000000089300000, 0x00000000d5580000)
  object space 150528K, 99% used [0x0000000080000000,0x00000000892ba678,0x0000000089300000)
 Metaspace       used 69520K, committed 70976K, reserved 1114112K
  class space    used 7058K, committed 7680K, reserved 1048576K
}
Event: 1280.123 GC heap before
{Heap before GC invocations=147 (full 3):
 PSYoungGen      total 9728K, used 8960K [0x00000000d5580000, 0x00000000d6000000, 0x0000000100000000)
  eden space 8704K, 100% used [0x00000000d5580000,0x00000000d5e00000,0x00000000d5e00000)
  from space 1024K, 25% used [0x00000000d5e00000,0x00000000d5e40000,0x00000000d5f00000)
  to   space 512K, 0% used [0x00000000d5f80000,0x00000000d5f80000,0x00000000d6000000)
 ParOldGen       total 150528K, used 150249K [0x0000000080000000, 0x0000000089300000, 0x00000000d5580000)
  object space 150528K, 99% used [0x0000000080000000,0x00000000892ba678,0x0000000089300000)
 Metaspace       used 70608K, committed 72128K, reserved 1114112K
  class space    used 7145K, committed 7808K, reserved 1048576K
}
Event: 1280.126 GC heap after
{Heap after GC invocations=147 (full 3):
 PSYoungGen      total 9216K, used 512K [0x00000000d5580000, 0x00000000d6000000, 0x0000000100000000)
  eden space 8704K, 0% used [0x00000000d5580000,0x00000000d5580000,0x00000000d5e00000)
  from space 512K, 100% used [0x00000000d5f80000,0x00000000d6000000,0x00000000d6000000)
  to   space 1024K, 0% used [0x00000000d5e00000,0x00000000d5e00000,0x00000000d5f00000)
 ParOldGen       total 150528K, used 150449K [0x0000000080000000, 0x0000000089300000, 0x00000000d5580000)
  object space 150528K, 99% used [0x0000000080000000,0x00000000892ec698,0x0000000089300000)
 Metaspace       used 70608K, committed 72128K, reserved 1114112K
  class space    used 7145K, committed 7808K, reserved 1048576K
}
Event: 1280.265 GC heap before
{Heap before GC invocations=148 (full 3):
 PSYoungGen      total 9216K, used 9216K [0x00000000d5580000, 0x00000000d6000000, 0x0000000100000000)
  eden space 8704K, 100% used [0x00000000d5580000,0x00000000d5e00000,0x00000000d5e00000)
  from space 512K, 100% used [0x00000000d5f80000,0x00000000d6000000,0x00000000d6000000)
  to   space 1024K, 0% used [0x00000000d5e00000,0x00000000d5e00000,0x00000000d5f00000)
 ParOldGen       total 150528K, used 150449K [0x0000000080000000, 0x0000000089300000, 0x00000000d5580000)
  object space 150528K, 99% used [0x0000000080000000,0x00000000892ec698,0x0000000089300000)
 Metaspace       used 70659K, committed 72192K, reserved 1114112K
  class space    used 7151K, committed 7808K, reserved 1048576K
}
Event: 1280.268 GC heap after
{Heap after GC invocations=148 (full 3):
 PSYoungGen      total 9728K, used 1012K [0x00000000d5580000, 0x00000000d6200000, 0x0000000100000000)
  eden space 8704K, 0% used [0x00000000d5580000,0x00000000d5580000,0x00000000d5e00000)
  from space 1024K, 98% used [0x00000000d5e00000,0x00000000d5efd220,0x00000000d5f00000)
  to   space 2048K, 0% used [0x00000000d6000000,0x00000000d6000000,0x00000000d6200000)
 ParOldGen       total 151552K, used 151091K [0x0000000080000000, 0x0000000089400000, 0x00000000d5580000)
  object space 151552K, 99% used [0x0000000080000000,0x000000008938cf98,0x0000000089400000)
 Metaspace       used 70659K, committed 72192K, reserved 1114112K
  class space    used 7151K, committed 7808K, reserved 1048576K
}
Event: 1280.590 GC heap before
{Heap before GC invocations=149 (full 3):
 PSYoungGen      total 9728K, used 7962K [0x00000000d5580000, 0x00000000d6200000, 0x0000000100000000)
  eden space 8704K, 79% used [0x00000000d5580000,0x00000000d5c49900,0x00000000d5e00000)
  from space 1024K, 98% used [0x00000000d5e00000,0x00000000d5efd220,0x00000000d5f00000)
  to   space 2048K, 0% used [0x00000000d6000000,0x00000000d6000000,0x00000000d6200000)
 ParOldGen       total 151552K, used 151091K [0x0000000080000000, 0x0000000089400000, 0x00000000d5580000)
  object space 151552K, 99% used [0x0000000080000000,0x000000008938cf98,0x0000000089400000)
 Metaspace       used 71564K, committed 73088K, reserved 1114112K
  class space    used 7230K, committed 7872K, reserved 1048576K
}
Event: 1280.594 GC heap after
{Heap after GC invocations=149 (full 3):
 PSYoungGen      total 9728K, used 836K [0x00000000d5580000, 0x00000000d6100000, 0x0000000100000000)
  eden space 8704K, 0% used [0x00000000d5580000,0x00000000d5580000,0x00000000d5e00000)
  from space 1024K, 81% used [0x00000000d6000000,0x00000000d60d13c8,0x00000000d6100000)
  to   space 1536K, 0% used [0x00000000d5e00000,0x00000000d5e00000,0x00000000d5f80000)
 ParOldGen       total 152576K, used 152149K [0x0000000080000000, 0x0000000089500000, 0x00000000d5580000)
  object space 152576K, 99% used [0x0000000080000000,0x0000000089495680,0x0000000089500000)
 Metaspace       used 71564K, committed 73088K, reserved 1114112K
  class space    used 7230K, committed 7872K, reserved 1048576K
}
Event: 1280.931 GC heap before
{Heap before GC invocations=150 (full 3):
 PSYoungGen      total 9728K, used 9540K [0x00000000d5580000, 0x00000000d6100000, 0x0000000100000000)
  eden space 8704K, 100% used [0x00000000d5580000,0x00000000d5e00000,0x00000000d5e00000)
  from space 1024K, 81% used [0x00000000d6000000,0x00000000d60d13c8,0x00000000d6100000)
  to   space 1536K, 0% used [0x00000000d5e00000,0x00000000d5e00000,0x00000000d5f80000)
 ParOldGen       total 152576K, used 152149K [0x0000000080000000, 0x0000000089500000, 0x00000000d5580000)
  object space 152576K, 99% used [0x0000000080000000,0x0000000089495680,0x0000000089500000)
 Metaspace       used 71978K, committed 73472K, reserved 1114112K
  class space    used 7264K, committed 7936K, reserved 1048576K
}
Event: 1280.935 GC heap after
{Heap after GC invocations=150 (full 3):
 PSYoungGen      total 10240K, used 1515K [0x00000000d5580000, 0x00000000d6300000, 0x0000000100000000)
  eden space 8704K, 0% used [0x00000000d5580000,0x00000000d5580000,0x00000000d5e00000)
  from space 1536K, 98% used [0x00000000d5e00000,0x00000000d5f7ad48,0x00000000d5f80000)
  to   space 2560K, 0% used [0x00000000d6080000,0x00000000d6080000,0x00000000d6300000)
 ParOldGen       total 153088K, used 152662K [0x0000000080000000, 0x0000000089580000, 0x00000000d5580000)
  object space 153088K, 99% used [0x0000000080000000,0x0000000089515bc0,0x0000000089580000)
 Metaspace       used 71978K, committed 73472K, reserved 1114112K
  class space    used 7264K, committed 7936K, reserved 1048576K
}
Event: 1281.445 GC heap before
{Heap before GC invocations=151 (full 3):
 PSYoungGen      total 10240K, used 10219K [0x00000000d5580000, 0x00000000d6300000, 0x0000000100000000)
  eden space 8704K, 100% used [0x00000000d5580000,0x00000000d5e00000,0x00000000d5e00000)
  from space 1536K, 98% used [0x00000000d5e00000,0x00000000d5f7ad48,0x00000000d5f80000)
  to   space 2560K, 0% used [0x00000000d6080000,0x00000000d6080000,0x00000000d6300000)
 ParOldGen       total 153088K, used 152662K [0x0000000080000000, 0x0000000089580000, 0x00000000d5580000)
  object space 153088K, 99% used [0x0000000080000000,0x0000000089515bc0,0x0000000089580000)
 Metaspace       used 72822K, committed 74304K, reserved 1179648K
  class space    used 7349K, committed 8000K, reserved 1048576K
}
Event: 1281.450 GC heap after
{Heap after GC invocations=151 (full 3):
 PSYoungGen      total 10240K, used 1363K [0x00000000d5580000, 0x00000000d6200000, 0x0000000100000000)
  eden space 8704K, 0% used [0x00000000d5580000,0x00000000d5580000,0x00000000d5e00000)
  from space 1536K, 88% used [0x00000000d6080000,0x00000000d61d4dd8,0x00000000d6200000)
  to   space 2048K, 0% used [0x00000000d5e00000,0x00000000d5e00000,0x00000000d6000000)
 ParOldGen       total 154112K, used 153676K [0x0000000080000000, 0x0000000089680000, 0x00000000d5580000)
  object space 154112K, 99% used [0x0000000080000000,0x00000000896130e8,0x0000000089680000)
 Metaspace       used 72822K, committed 74304K, reserved 1179648K
  class space    used 7349K, committed 8000K, reserved 1048576K
}
Event: 1282.627 GC heap before
{Heap before GC invocations=152 (full 3):
 PSYoungGen      total 10240K, used 10067K [0x00000000d5580000, 0x00000000d6200000, 0x0000000100000000)
  eden space 8704K, 100% used [0x00000000d5580000,0x00000000d5e00000,0x00000000d5e00000)
  from space 1536K, 88% used [0x00000000d6080000,0x00000000d61d4dd8,0x00000000d6200000)
  to   space 2048K, 0% used [0x00000000d5e00000,0x00000000d5e00000,0x00000000d6000000)
 ParOldGen       total 154112K, used 153676K [0x0000000080000000, 0x0000000089680000, 0x00000000d5580000)
  object space 154112K, 99% used [0x0000000080000000,0x00000000896130e8,0x0000000089680000)
 Metaspace       used 73266K, committed 74752K, reserved 1179648K
  class space    used 7379K, committed 8064K, reserved 1048576K
}
Event: 1282.630 GC heap after
{Heap after GC invocations=152 (full 3):
 PSYoungGen      total 10752K, used 602K [0x00000000d5580000, 0x00000000d6100000, 0x0000000100000000)
  eden space 8704K, 0% used [0x00000000d5580000,0x00000000d5580000,0x00000000d5e00000)
  from space 2048K, 29% used [0x00000000d5e00000,0x00000000d5e96900,0x00000000d6000000)
  to   space 1024K, 0% used [0x00000000d6000000,0x00000000d6000000,0x00000000d6100000)
 ParOldGen       total 154112K, used 153996K [0x0000000080000000, 0x0000000089680000, 0x00000000d5580000)
  object space 154112K, 99% used [0x0000000080000000,0x00000000896630e8,0x0000000089680000)
 Metaspace       used 73266K, committed 74752K, reserved 1179648K
  class space    used 7379K, committed 8064K, reserved 1048576K
}
Event: 1282.820 GC heap before
{Heap before GC invocations=153 (full 3):
 PSYoungGen      total 10752K, used 9306K [0x00000000d5580000, 0x00000000d6100000, 0x0000000100000000)
  eden space 8704K, 100% used [0x00000000d5580000,0x00000000d5e00000,0x00000000d5e00000)
  from space 2048K, 29% used [0x00000000d5e00000,0x00000000d5e96900,0x00000000d6000000)
  to   space 1024K, 0% used [0x00000000d6000000,0x00000000d6000000,0x00000000d6100000)
 ParOldGen       total 154112K, used 153996K [0x0000000080000000, 0x0000000089680000, 0x00000000d5580000)
  object space 154112K, 99% used [0x0000000080000000,0x00000000896630e8,0x0000000089680000)
 Metaspace       used 73280K, committed 74752K, reserved 1179648K
  class space    used 7379K, committed 8064K, reserved 1048576K
}
Event: 1282.821 GC heap after
{Heap after GC invocations=153 (full 3):
 PSYoungGen      total 9216K, used 490K [0x00000000d5580000, 0x00000000d6080000, 0x0000000100000000)
  eden space 8704K, 0% used [0x00000000d5580000,0x00000000d5580000,0x00000000d5e00000)
  from space 512K, 95% used [0x00000000d6000000,0x00000000d607a910,0x00000000d6080000)
  to   space 1024K, 0% used [0x00000000d5e80000,0x00000000d5e80000,0x00000000d5f80000)
 ParOldGen       total 154624K, used 154145K [0x0000000080000000, 0x0000000089700000, 0x00000000d5580000)
  object space 154624K, 99% used [0x0000000080000000,0x0000000089688710,0x0000000089700000)
 Metaspace       used 73280K, committed 74752K, reserved 1179648K
  class space    used 7379K, committed 8064K, reserved 1048576K
}
Event: 1285.669 GC heap before
{Heap before GC invocations=154 (full 3):
 PSYoungGen      total 9216K, used 9194K [0x00000000d5580000, 0x00000000d6080000, 0x0000000100000000)
  eden space 8704K, 100% used [0x00000000d5580000,0x00000000d5e00000,0x00000000d5e00000)
  from space 512K, 95% used [0x00000000d6000000,0x00000000d607a910,0x00000000d6080000)
  to   space 1024K, 0% used [0x00000000d5e80000,0x00000000d5e80000,0x00000000d5f80000)
 ParOldGen       total 154624K, used 154145K [0x0000000080000000, 0x0000000089700000, 0x00000000d5580000)
  object space 154624K, 99% used [0x0000000080000000,0x0000000089688710,0x0000000089700000)
 Metaspace       used 73309K, committed 74816K, reserved 1179648K
  class space    used 7379K, committed 8064K, reserved 1048576K
}
Event: 1285.673 GC heap after
{Heap after GC invocations=154 (full 3):
 PSYoungGen      total 9728K, used 256K [0x00000000d5580000, 0x00000000d6080000, 0x0000000100000000)
  eden space 8704K, 0% used [0x00000000d5580000,0x00000000d5580000,0x00000000d5e00000)
  from space 1024K, 25% used [0x00000000d5e80000,0x00000000d5ec0000,0x00000000d5f80000)
  to   space 512K, 0% used [0x00000000d6000000,0x00000000d6000000,0x00000000d6080000)
 ParOldGen       total 154624K, used 154177K [0x0000000080000000, 0x0000000089700000, 0x00000000d5580000)
  object space 154624K, 99% used [0x0000000080000000,0x0000000089690710,0x0000000089700000)
 Metaspace       used 73309K, committed 74816K, reserved 1179648K
  class space    used 7379K, committed 8064K, reserved 1048576K
}
Event: 1302.901 GC heap before
{Heap before GC invocations=155 (full 3):
 PSYoungGen      total 9728K, used 8960K [0x00000000d5580000, 0x00000000d6080000, 0x0000000100000000)
  eden space 8704K, 100% used [0x00000000d5580000,0x00000000d5e00000,0x00000000d5e00000)
  from space 1024K, 25% used [0x00000000d5e80000,0x00000000d5ec0000,0x00000000d5f80000)
  to   space 512K, 0% used [0x00000000d6000000,0x00000000d6000000,0x00000000d6080000)
 ParOldGen       total 154624K, used 154177K [0x0000000080000000, 0x0000000089700000, 0x00000000d5580000)
  object space 154624K, 99% used [0x0000000080000000,0x0000000089690710,0x0000000089700000)
 Metaspace       used 73314K, committed 74816K, reserved 1179648K
  class space    used 7379K, committed 8064K, reserved 1048576K
}
Event: 1302.904 GC heap after
{Heap after GC invocations=155 (full 3):
 PSYoungGen      total 9216K, used 256K [0x00000000d5580000, 0x00000000d6080000, 0x0000000100000000)
  eden space 8704K, 0% used [0x00000000d5580000,0x00000000d5580000,0x00000000d5e00000)
  from space 512K, 50% used [0x00000000d6000000,0x00000000d6040000,0x00000000d6080000)
  to   space 512K, 0% used [0x00000000d5f80000,0x00000000d5f80000,0x00000000d6000000)
 ParOldGen       total 154624K, used 154305K [0x0000000080000000, 0x0000000089700000, 0x00000000d5580000)
  object space 154624K, 99% used [0x0000000080000000,0x00000000896b0710,0x0000000089700000)
 Metaspace       used 73314K, committed 74816K, reserved 1179648K
  class space    used 7379K, committed 8064K, reserved 1048576K
}

Dll operation events (10 events):
Event: 0.417 Loaded shared library c:\Users\tuan\.antigravity-ide\extensions\redhat.java-1.54.0-win32-x64\jre\21.0.10-win32-x86_64\bin\java.dll
Event: 0.894 Loaded shared library c:\Users\tuan\.antigravity-ide\extensions\redhat.java-1.54.0-win32-x64\jre\21.0.10-win32-x86_64\bin\zip.dll
Event: 0.991 Loaded shared library C:\Users\tuan\.antigravity-ide\extensions\redhat.java-1.54.0-win32-x64\jre\21.0.10-win32-x86_64\bin\instrument.dll
Event: 1.069 Loaded shared library C:\Users\tuan\.antigravity-ide\extensions\redhat.java-1.54.0-win32-x64\jre\21.0.10-win32-x86_64\bin\net.dll
Event: 1.198 Loaded shared library C:\Users\tuan\.antigravity-ide\extensions\redhat.java-1.54.0-win32-x64\jre\21.0.10-win32-x86_64\bin\nio.dll
Event: 1.220 Loaded shared library C:\Users\tuan\.antigravity-ide\extensions\redhat.java-1.54.0-win32-x64\jre\21.0.10-win32-x86_64\bin\zip.dll
Event: 1.294 Loaded shared library C:\Users\tuan\.antigravity-ide\extensions\redhat.java-1.54.0-win32-x64\jre\21.0.10-win32-x86_64\bin\jimage.dll
Event: 2.409 Loaded shared library c:\Users\tuan\.antigravity-ide\extensions\redhat.java-1.54.0-win32-x64\jre\21.0.10-win32-x86_64\bin\verify.dll
Event: 28.888 Loaded shared library C:\Users\tuan\AppData\Roaming\Antigravity IDE\User\globalStorage\redhat.java\1.54.0\config_win\org.eclipse.equinox.launcher\org.eclipse.equinox.launcher.win32.win32.x86_64_1.3.0.v20260203-2149\eclipse_11919.dll
Event: 61.610 Loaded shared library C:\Users\tuan\AppData\Local\Temp\jna-3571310\jna13120923226990388412.dll

Deoptimization events (20 events):
Event: 1282.627 Thread 0x000001d162ddbfa0 DEOPT PACKING pc=0x000001d15084c310 sp=0x0000005f940fdbf0
Event: 1282.627 Thread 0x000001d162ddbfa0 DEOPT UNPACKING pc=0x000001d14f683aa2 sp=0x0000005f940fdba0 mode 2
Event: 1282.638 Thread 0x000001d162ddbfa0 Uncommon trap: trap_request=0xffffffd6 fr.pc=0x000001d15084c310 relative=0x00000000000004b0
Event: 1282.638 Thread 0x000001d162ddbfa0 Uncommon trap: reason=array_check action=maybe_recompile pc=0x000001d15084c310 method=org.eclipse.jdt.internal.compiler.lookup.UnresolvedReferenceBinding.addWrapper(Lorg/eclipse/jdt/internal/compiler/lookup/HotSwappable;Lorg/eclipse/jdt/internal/compiler/
Event: 1282.638 Thread 0x000001d162ddbfa0 DEOPT PACKING pc=0x000001d15084c310 sp=0x0000005f940fbfe0
Event: 1282.638 Thread 0x000001d162ddbfa0 DEOPT UNPACKING pc=0x000001d14f683aa2 sp=0x0000005f940fbf90 mode 2
Event: 1282.638 Thread 0x000001d162ddbfa0 Uncommon trap: trap_request=0xffffffd6 fr.pc=0x000001d15084c310 relative=0x00000000000004b0
Event: 1282.638 Thread 0x000001d162ddbfa0 Uncommon trap: reason=array_check action=maybe_recompile pc=0x000001d15084c310 method=org.eclipse.jdt.internal.compiler.lookup.UnresolvedReferenceBinding.addWrapper(Lorg/eclipse/jdt/internal/compiler/lookup/HotSwappable;Lorg/eclipse/jdt/internal/compiler/
Event: 1282.638 Thread 0x000001d162ddbfa0 DEOPT PACKING pc=0x000001d15084c310 sp=0x0000005f940fc090
Event: 1282.638 Thread 0x000001d162ddbfa0 DEOPT UNPACKING pc=0x000001d14f683aa2 sp=0x0000005f940fc040 mode 2
Event: 1282.686 Thread 0x000001d162ddbfa0 DEOPT PACKING pc=0x000001d14a4df4da sp=0x0000005f940fdd50
Event: 1282.686 Thread 0x000001d162ddbfa0 DEOPT UNPACKING pc=0x000001d14f684242 sp=0x0000005f940fd268 mode 0
Event: 1282.702 Thread 0x000001d162ddbfa0 DEOPT PACKING pc=0x000001d1498dd2e5 sp=0x0000005f940fdc90
Event: 1282.702 Thread 0x000001d162ddbfa0 DEOPT UNPACKING pc=0x000001d14f684242 sp=0x0000005f940fd1a0 mode 0
Event: 1283.021 Thread 0x000001d162ddbfa0 DEOPT PACKING pc=0x000001d14a637c4b sp=0x0000005f940fccb0
Event: 1283.021 Thread 0x000001d162ddbfa0 DEOPT UNPACKING pc=0x000001d14f684242 sp=0x0000005f940fc210 mode 0
Event: 1285.674 Thread 0x000001d162dd91b0 Uncommon trap: trap_request=0xffffffde fr.pc=0x000001d1500379a4 relative=0x0000000000000824
Event: 1285.674 Thread 0x000001d162dd91b0 Uncommon trap: reason=class_check action=maybe_recompile pc=0x000001d1500379a4 method=java.util.concurrent.ConcurrentHashMap.replaceNode(Ljava/lang/Object;Ljava/lang/Object;Ljava/lang/Object;)Ljava/lang/Object; @ 178 c2
Event: 1285.674 Thread 0x000001d162dd91b0 DEOPT PACKING pc=0x000001d1500379a4 sp=0x0000005f93bfd960
Event: 1285.674 Thread 0x000001d162dd91b0 DEOPT UNPACKING pc=0x000001d14f683aa2 sp=0x0000005f93bfd8d8 mode 2

Classes loaded (20 events):
Event: 365.753 Loading class java/util/stream/Nodes$AbstractConcNode done
Event: 365.753 Loading class java/util/stream/Nodes$ConcNode done
Event: 365.754 Loading class java/util/stream/Nodes$ToArrayTask$OfRef
Event: 365.754 Loading class java/util/stream/Nodes$ToArrayTask
Event: 365.754 Loading class java/util/stream/Nodes$ToArrayTask done
Event: 365.754 Loading class java/util/stream/Nodes$ToArrayTask$OfRef done
Event: 365.757 Loading class java/io/ObjectOutputStream$BlockDataOutputStream
Event: 365.757 Loading class java/io/ObjectOutputStream$BlockDataOutputStream done
Event: 365.757 Loading class java/io/ObjectOutputStream$HandleTable
Event: 365.758 Loading class java/io/ObjectOutputStream$HandleTable done
Event: 365.758 Loading class java/io/ObjectOutputStream$ReplaceTable
Event: 365.759 Loading class java/io/ObjectOutputStream$ReplaceTable done
Event: 1260.042 Loading class jdk/internal/module/IllegalAccessLogger
Event: 1260.042 Loading class jdk/internal/module/IllegalAccessLogger done
Event: 1260.352 Loading class java/nio/BufferMismatch
Event: 1260.354 Loading class java/nio/BufferMismatch done
Event: 1280.059 Loading class java/lang/UnsupportedClassVersionError
Event: 1280.059 Loading class java/lang/UnsupportedClassVersionError done
Event: 1280.968 Loading class jdk/internal/ref/CleanerImpl$InnocuousThreadFactory
Event: 1281.046 Loading class jdk/internal/ref/CleanerImpl$InnocuousThreadFactory done

Classes unloaded (7 events):
Event: 63.666 Thread 0x000001d144fa0a40 Unloading class 0x000001d1011a9400 'java/lang/invoke/LambdaForm$MH+0x000001d1011a9400'
Event: 63.666 Thread 0x000001d144fa0a40 Unloading class 0x000001d1011a9000 'java/lang/invoke/LambdaForm$MH+0x000001d1011a9000'
Event: 63.666 Thread 0x000001d144fa0a40 Unloading class 0x000001d1011a8c00 'java/lang/invoke/LambdaForm$MH+0x000001d1011a8c00'
Event: 63.666 Thread 0x000001d144fa0a40 Unloading class 0x000001d1011a8800 'java/lang/invoke/LambdaForm$MH+0x000001d1011a8800'
Event: 63.666 Thread 0x000001d144fa0a40 Unloading class 0x000001d1011a8400 'java/lang/invoke/LambdaForm$BMH+0x000001d1011a8400'
Event: 63.666 Thread 0x000001d144fa0a40 Unloading class 0x000001d1011a8000 'java/lang/invoke/LambdaForm$DMH+0x000001d1011a8000'
Event: 63.666 Thread 0x000001d144fa0a40 Unloading class 0x000001d1011a6c00 'java/lang/invoke/LambdaForm$DMH+0x000001d1011a6c00'

Classes redefined (0 events):
No events

Internal exceptions (20 events):
Event: 365.742 Thread 0x000001d162dd91b0 Exception <a 'sun/nio/fs/WindowsException'{0x00000000d56ef6d8}> (0x00000000d56ef6d8) 
thrown [s\src\hotspot\share\prims\jni.cpp, line 520]
Event: 365.743 Thread 0x000001d162dd91b0 Implicit null exception at 0x000001d15042c589 to 0x000001d15042c804
Event: 365.774 Thread 0x000001d162dd91b0 Exception <a 'java/lang/NoSuchMethodError'{0x00000000d57adbd8}: static [J.<clinit>()V> (0x00000000d57adbd8) 
thrown [s\src\hotspot\share\prims\jni.cpp, line 1111]
Event: 365.783 Thread 0x000001d162dd91b0 Exception <a 'java/lang/NoSuchMethodError'{0x00000000d57ea688}: 'java.lang.Object java.lang.invoke.DirectMethodHandle$Holder.newInvokeSpecial(java.lang.Object, java.lang.Object, java.lang.Object, java.lang.Object, java.lang.Object, java.lang.Object, java.lang.Object, java.lang.Object)'> (0x00000000d57ea688) 
thrown [s\src\hotspot\share\interpreter\linkResolver.cpp, line 773]
Event: 678.778 Thread 0x000001d162ddbfa0 Exception <a 'sun/nio/fs/WindowsException'{0x00000000d5df1b08}> (0x00000000d5df1b08) 
thrown [s\src\hotspot\share\prims\jni.cpp, line 520]
Event: 678.778 Thread 0x000001d162ddbfa0 Exception <a 'sun/nio/fs/WindowsException'{0x00000000d5df23e8}> (0x00000000d5df23e8) 
thrown [s\src\hotspot\share\prims\jni.cpp, line 520]
Event: 1255.282 Thread 0x000001d162ddccc0 Implicit null exception at 0x000001d1500c99e2 to 0x000001d1500c9e90
Event: 1279.857 Thread 0x000001d16337e9d0 Exception <a 'java/lang/IncompatibleClassChangeError'{0x00000000d565d220}: Found class java.lang.Object, but interface was expected> (0x00000000d565d220) 
thrown [s\src\hotspot\share\interpreter\linkResolver.cpp, line 840]
Event: 1279.956 Thread 0x000001d16337e9d0 Exception <a 'java/lang/IncompatibleClassChangeError'{0x00000000d59fb5f0}: Found class java.lang.Object, but interface was expected> (0x00000000d59fb5f0) 
thrown [s\src\hotspot\share\interpreter\linkResolver.cpp, line 840]
Event: 1280.016 Thread 0x000001d16337f6f0 Exception <a 'java/lang/NoSuchMethodError'{0x00000000d5b09228}: 'java.lang.Object java.lang.invoke.DirectMethodHandle$Holder.invokeSpecial(java.lang.Object, java.lang.Object, java.lang.Object, java.lang.Object, int, java.lang.Object, java.lang.Object)'> (0x00000000d5b09228) 
thrown [s\src\hotspot\share\interpreter\linkResolver.cpp, line 773]
Event: 1280.076 Thread 0x000001d162ddb910 Exception <a 'java/lang/NoSuchMethodError'{0x00000000d5da1260}: 'int java.lang.invoke.Invokers$Holder.invokeExact_MT(java.lang.Object, java.lang.Object)'> (0x00000000d5da1260) 
thrown [s\src\hotspot\share\interpreter\linkResolver.cpp, line 773]
Event: 1280.135 Thread 0x000001d162ddb910 Exception <a 'java/lang/IncompatibleClassChangeError'{0x00000000d56699e8}: Found class java.lang.Object, but interface was expected> (0x00000000d56699e8) 
thrown [s\src\hotspot\share\interpreter\linkResolver.cpp, line 840]
Event: 1280.430 Thread 0x000001d16337e9d0 Exception <a 'java/lang/IncompatibleClassChangeError'{0x00000000d5778e70}: Found class java.lang.Object, but interface was expected> (0x00000000d5778e70) 
thrown [s\src\hotspot\share\interpreter\linkResolver.cpp, line 840]
Event: 1280.492 Thread 0x000001d16337f6f0 Implicit null exception at 0x000001d15078ad1a to 0x000001d15078b6c4
Event: 1280.492 Thread 0x000001d16337f6f0 Implicit null exception at 0x000001d150843926 to 0x000001d150844e88
Event: 1280.660 Thread 0x000001d16337f6f0 Implicit null exception at 0x000001d15051575a to 0x000001d1505157b3
Event: 1280.858 Thread 0x000001d16337f6f0 Implicit null exception at 0x000001d1506285f3 to 0x000001d1506286f8
Event: 1282.041 Thread 0x000001d16337e9d0 Exception <a 'java/lang/IncompatibleClassChangeError'{0x00000000d5afc8a8}: Found class java.lang.Object, but interface was expected> (0x00000000d5afc8a8) 
thrown [s\src\hotspot\share\interpreter\linkResolver.cpp, line 840]
Event: 1282.052 Thread 0x000001d16337e9d0 Exception <a 'java/lang/IncompatibleClassChangeError'{0x00000000d5b4db08}: Found class java.lang.Object, but interface was expected> (0x00000000d5b4db08) 
thrown [s\src\hotspot\share\interpreter\linkResolver.cpp, line 840]
Event: 1282.072 Thread 0x000001d162ddb910 Exception <a 'java/lang/ArrayIndexOutOfBoundsException'{0x00000000d5becaf0}> (0x00000000d5becaf0) 
thrown [s\src\hotspot\share\runtime\sharedRuntime.cpp, line 625]

ZGC Phase Switch (0 events):
No events

VM Operations (20 events):
Event: 1280.931 Executing safepoint VM operation: ParallelGCFailedAllocation (Allocation Failure)
Event: 1280.935 Executing safepoint VM operation: ParallelGCFailedAllocation (Allocation Failure) done
Event: 1281.445 Executing safepoint VM operation: ParallelGCFailedAllocation (Allocation Failure)
Event: 1281.450 Executing safepoint VM operation: ParallelGCFailedAllocation (Allocation Failure) done
Event: 1282.451 Executing safepoint VM operation: Cleanup
Event: 1282.451 Executing safepoint VM operation: Cleanup done
Event: 1282.627 Executing safepoint VM operation: ParallelGCFailedAllocation (Allocation Failure)
Event: 1282.630 Executing safepoint VM operation: ParallelGCFailedAllocation (Allocation Failure) done
Event: 1282.819 Executing safepoint VM operation: ParallelGCFailedAllocation (Allocation Failure)
Event: 1282.822 Executing safepoint VM operation: ParallelGCFailedAllocation (Allocation Failure) done
Event: 1283.835 Executing safepoint VM operation: Cleanup
Event: 1283.835 Executing safepoint VM operation: Cleanup done
Event: 1285.669 Executing safepoint VM operation: ParallelGCFailedAllocation (Allocation Failure)
Event: 1285.673 Executing safepoint VM operation: ParallelGCFailedAllocation (Allocation Failure) done
Event: 1286.687 Executing safepoint VM operation: Cleanup
Event: 1286.687 Executing safepoint VM operation: Cleanup done
Event: 1287.696 Executing safepoint VM operation: Cleanup
Event: 1287.696 Executing safepoint VM operation: Cleanup done
Event: 1302.901 Executing safepoint VM operation: ParallelGCFailedAllocation (Allocation Failure)
Event: 1302.904 Executing safepoint VM operation: ParallelGCFailedAllocation (Allocation Failure) done

Memory protections (0 events):
No events

Nmethod flushes (20 events):
Event: 97.422 Thread 0x000001d144fa0a40 flushing  nmethod 0x000001d148b6c990
Event: 97.422 Thread 0x000001d144fa0a40 flushing  nmethod 0x000001d148b6cd10
Event: 97.422 Thread 0x000001d144fa0a40 flushing  nmethod 0x000001d148b6d910
Event: 97.422 Thread 0x000001d144fa0a40 flushing  nmethod 0x000001d148b6ef90
Event: 97.422 Thread 0x000001d144fa0a40 flushing osr nmethod 0x000001d148ba7b90
Event: 97.422 Thread 0x000001d144fa0a40 flushing  nmethod 0x000001d148bacf90
Event: 97.422 Thread 0x000001d144fa0a40 flushing  nmethod 0x000001d148baf310
Event: 97.422 Thread 0x000001d144fa0a40 flushing  nmethod 0x000001d148bc3a10
Event: 97.422 Thread 0x000001d144fa0a40 flushing  nmethod 0x000001d148bdf910
Event: 97.422 Thread 0x000001d144fa0a40 flushing  nmethod 0x000001d148bdff10
Event: 97.422 Thread 0x000001d144fa0a40 flushing  nmethod 0x000001d148be0790
Event: 97.422 Thread 0x000001d144fa0a40 flushing  nmethod 0x000001d148be3c90
Event: 97.422 Thread 0x000001d144fa0a40 flushing  nmethod 0x000001d148be4710
Event: 97.422 Thread 0x000001d144fa0a40 flushing  nmethod 0x000001d148be5610
Event: 97.422 Thread 0x000001d144fa0a40 flushing  nmethod 0x000001d148be5b90
Event: 97.422 Thread 0x000001d144fa0a40 flushing  nmethod 0x000001d148be9e90
Event: 97.422 Thread 0x000001d144fa0a40 flushing  nmethod 0x000001d148bed710
Event: 97.422 Thread 0x000001d144fa0a40 flushing  nmethod 0x000001d148c15490
Event: 97.422 Thread 0x000001d144fa0a40 flushing  nmethod 0x000001d148c15990
Event: 97.422 Thread 0x000001d144fa0a40 flushing  nmethod 0x000001d148c15f10

Events (20 events):
Event: 1260.043 Thread 0x000001d162dd91b0 Thread added: 0x000001d162ddabf0
Event: 1260.080 Thread 0x000001d163bbf780 Thread added: 0x000001d16f424e80
Event: 1260.734 Thread 0x000001d16f424e80 Thread exited: 0x000001d16f424e80
Event: 1262.052 Thread 0x000001d163bbf780 Thread exited: 0x000001d163bbf780
Event: 1279.952 Thread 0x000001d16337e9d0 Thread added: 0x000001d162ddb910
Event: 1279.955 Thread 0x000001d16337e9d0 Thread added: 0x000001d162ddb280
Event: 1279.961 Thread 0x000001d162ddb280 Thread added: 0x000001d16337f060
Event: 1279.968 Thread 0x000001d162ddb910 Thread added: 0x000001d16337f6f0
Event: 1279.973 Thread 0x000001d16337f060 Thread added: 0x000001d16337e340
Event: 1280.156 Thread 0x000001d144e7bb00 Thread added: 0x000001d16f424e80
Event: 1280.248 Thread 0x000001d15d175f90 Thread added: 0x000001d16f41e560
Event: 1280.400 Thread 0x000001d16f41e560 Thread exited: 0x000001d16f41e560
Event: 1280.842 Thread 0x000001d15d175f90 Thread added: 0x000001d164f0cc90
Event: 1281.052 Thread 0x000001d162ddb910 Thread added: 0x000001d16337fd80
Event: 1282.489 Thread 0x000001d164f0cc90 Thread exited: 0x000001d164f0cc90
Event: 1282.722 Thread 0x000001d15d175f90 Thread added: 0x000001d164cc3ba0
Event: 1284.859 Thread 0x000001d164cc3ba0 Thread exited: 0x000001d164cc3ba0
Event: 1284.859 Thread 0x000001d16f424e80 Thread exited: 0x000001d16f424e80
Event: 1285.145 Thread 0x000001d15d175f90 Thread added: 0x000001d16643a480
Event: 1285.545 Thread 0x000001d16643a480 Thread exited: 0x000001d16643a480


Dynamic libraries:
0x00007ff697a90000 - 0x00007ff697a9e000 	c:\Users\tuan\.antigravity-ide\extensions\redhat.java-1.54.0-win32-x64\jre\21.0.10-win32-x86_64\bin\java.exe
0x00007fffb5320000 - 0x00007fffb5586000 	C:\WINDOWS\SYSTEM32\ntdll.dll
0x00007fffb3dc0000 - 0x00007fffb3e89000 	C:\WINDOWS\System32\KERNEL32.DLL
0x00007fffb2870000 - 0x00007fffb2c6a000 	C:\WINDOWS\System32\KERNELBASE.dll
0x00007fffb2df0000 - 0x00007fffb2f3c000 	C:\WINDOWS\System32\ucrtbase.dll
0x00007fff67610000 - 0x00007fff67628000 	c:\Users\tuan\.antigravity-ide\extensions\redhat.java-1.54.0-win32-x64\jre\21.0.10-win32-x86_64\bin\jli.dll
0x00007fff67630000 - 0x00007fff6764e000 	c:\Users\tuan\.antigravity-ide\extensions\redhat.java-1.54.0-win32-x64\jre\21.0.10-win32-x86_64\bin\VCRUNTIME140.dll
0x00007fffb4a60000 - 0x00007fffb4c27000 	C:\WINDOWS\System32\USER32.dll
0x00007fffb26e0000 - 0x00007fffb2707000 	C:\WINDOWS\System32\win32u.dll
0x00007fff98c90000 - 0x00007fff98f22000 	C:\WINDOWS\WinSxS\amd64_microsoft.windows.common-controls_6595b64144ccf1df_6.0.26100.8521_none_3e08b75ce33403b3\COMCTL32.dll
0x00007fffb49b0000 - 0x00007fffb4a59000 	C:\WINDOWS\System32\msvcrt.dll
0x00007fffb3f30000 - 0x00007fffb3f5b000 	C:\WINDOWS\System32\GDI32.dll
0x00007fffb25b0000 - 0x00007fffb26db000 	C:\WINDOWS\System32\gdi32full.dll
0x00007fffb2710000 - 0x00007fffb27b3000 	C:\WINDOWS\System32\msvcp_win.dll
0x00007fffb3120000 - 0x00007fffb3152000 	C:\WINDOWS\System32\IMM32.DLL
0x00007fff9ec00000 - 0x00007fff9ec0c000 	c:\Users\tuan\.antigravity-ide\extensions\redhat.java-1.54.0-win32-x64\jre\21.0.10-win32-x86_64\bin\vcruntime140_1.dll
0x00007fff1c9b0000 - 0x00007fff1ca3d000 	c:\Users\tuan\.antigravity-ide\extensions\redhat.java-1.54.0-win32-x64\jre\21.0.10-win32-x86_64\bin\msvcp140.dll
0x00007fff0e880000 - 0x00007fff0f621000 	c:\Users\tuan\.antigravity-ide\extensions\redhat.java-1.54.0-win32-x64\jre\21.0.10-win32-x86_64\bin\server\jvm.dll
0x00007fffb3b10000 - 0x00007fffb3bc6000 	C:\WINDOWS\System32\ADVAPI32.dll
0x00007fffb3a60000 - 0x00007fffb3b0a000 	C:\WINDOWS\System32\sechost.dll
0x00007fffb4c30000 - 0x00007fffb4d48000 	C:\WINDOWS\System32\RPCRT4.dll
0x00007fffb3090000 - 0x00007fffb3110000 	C:\WINDOWS\System32\WS2_32.dll
0x00007fffb2430000 - 0x00007fffb248e000 	C:\WINDOWS\SYSTEM32\POWRPROF.dll
0x00007fff9b840000 - 0x00007fff9b876000 	C:\WINDOWS\SYSTEM32\WINMM.dll
0x00007fffa2150000 - 0x00007fffa215b000 	C:\WINDOWS\SYSTEM32\VERSION.dll
0x00007fffb23f0000 - 0x00007fffb2404000 	C:\WINDOWS\SYSTEM32\UMPDC.dll
0x00007fffb1340000 - 0x00007fffb135b000 	C:\WINDOWS\SYSTEM32\kernel.appcore.dll
0x00007fff98770000 - 0x00007fff9877a000 	c:\Users\tuan\.antigravity-ide\extensions\redhat.java-1.54.0-win32-x64\jre\21.0.10-win32-x86_64\bin\jimage.dll
0x00007fffac650000 - 0x00007fffac892000 	C:\WINDOWS\SYSTEM32\DBGHELP.DLL
0x00007fffb31c0000 - 0x00007fffb3543000 	C:\WINDOWS\System32\combase.dll
0x00007fffb4d50000 - 0x00007fffb4e29000 	C:\WINDOWS\System32\OLEAUT32.dll
0x00007fff77e70000 - 0x00007fff77eab000 	C:\WINDOWS\SYSTEM32\dbgcore.DLL
0x00007fffb27c0000 - 0x00007fffb2868000 	C:\WINDOWS\System32\bcryptPrimitives.dll
0x00007fff76e40000 - 0x00007fff76e4f000 	c:\Users\tuan\.antigravity-ide\extensions\redhat.java-1.54.0-win32-x64\jre\21.0.10-win32-x86_64\bin\instrument.dll
0x00007fff72a20000 - 0x00007fff72a40000 	c:\Users\tuan\.antigravity-ide\extensions\redhat.java-1.54.0-win32-x64\jre\21.0.10-win32-x86_64\bin\java.dll
0x00007fffb3f60000 - 0x00007fffb46e4000 	C:\WINDOWS\System32\SHELL32.dll
0x00007fffb0190000 - 0x00007fffb0a10000 	C:\WINDOWS\SYSTEM32\windows.storage.dll
0x00007fffb3cc0000 - 0x00007fffb3db6000 	C:\WINDOWS\System32\SHCORE.dll
0x00007fffb3c00000 - 0x00007fffb3c67000 	C:\WINDOWS\System32\shlwapi.dll
0x00007fffb24d0000 - 0x00007fffb24f9000 	C:\WINDOWS\SYSTEM32\profapi.dll
0x00007fff42b10000 - 0x00007fff42b28000 	c:\Users\tuan\.antigravity-ide\extensions\redhat.java-1.54.0-win32-x64\jre\21.0.10-win32-x86_64\bin\zip.dll
0x00007fff72a10000 - 0x00007fff72a20000 	C:\Users\tuan\.antigravity-ide\extensions\redhat.java-1.54.0-win32-x64\jre\21.0.10-win32-x86_64\bin\net.dll
0x00007fffa1da0000 - 0x00007fffa1ec9000 	C:\WINDOWS\SYSTEM32\WINHTTP.dll
0x00007fffb18b0000 - 0x00007fffb191c000 	C:\WINDOWS\system32\mswsock.dll
0x00007fff729f0000 - 0x00007fff72a06000 	C:\Users\tuan\.antigravity-ide\extensions\redhat.java-1.54.0-win32-x64\jre\21.0.10-win32-x86_64\bin\nio.dll
0x00007fff729d0000 - 0x00007fff729e0000 	c:\Users\tuan\.antigravity-ide\extensions\redhat.java-1.54.0-win32-x64\jre\21.0.10-win32-x86_64\bin\verify.dll
0x00007fff78ca0000 - 0x00007fff78ce5000 	C:\Users\tuan\AppData\Roaming\Antigravity IDE\User\globalStorage\redhat.java\1.54.0\config_win\org.eclipse.equinox.launcher\org.eclipse.equinox.launcher.win32.win32.x86_64_1.3.0.v20260203-2149\eclipse_11919.dll
0x00007fffb36e0000 - 0x00007fffb3878000 	C:\WINDOWS\System32\ole32.dll
0x00007fffb1b90000 - 0x00007fffb1bab000 	C:\WINDOWS\SYSTEM32\CRYPTSP.dll
0x00007fffb12a0000 - 0x00007fffb12d9000 	C:\WINDOWS\system32\rsaenh.dll
0x00007fffb1960000 - 0x00007fffb1993000 	C:\WINDOWS\SYSTEM32\USERENV.dll
0x00007fffb24a0000 - 0x00007fffb24ca000 	C:\WINDOWS\SYSTEM32\bcrypt.dll
0x00007fffb1bb0000 - 0x00007fffb1bbc000 	C:\WINDOWS\SYSTEM32\CRYPTBASE.dll
0x00007fffb0d20000 - 0x00007fffb0d53000 	C:\WINDOWS\SYSTEM32\IPHLPAPI.DLL
0x00007fffb3f10000 - 0x00007fffb3f1a000 	C:\WINDOWS\System32\NSI.dll
0x00007fff61080000 - 0x00007fff610c9000 	C:\Users\tuan\AppData\Local\Temp\jna-3571310\jna13120923226990388412.dll
0x00007fffb3f20000 - 0x00007fffb3f28000 	C:\WINDOWS\System32\PSAPI.DLL
0x00007fffa2410000 - 0x00007fffa242d000 	C:\WINDOWS\SYSTEM32\dhcpcsvc6.DLL
0x00007fffa23e0000 - 0x00007fffa2405000 	C:\WINDOWS\SYSTEM32\dhcpcsvc.DLL
0x00007fffb1460000 - 0x00007fffb1496000 	C:\WINDOWS\SYSTEM32\ntmarta.dll

JVMTI agents:
c:\Users\tuan\.antigravity-ide\extensions\redhat.java-1.54.0-win32-x64\lombok\lombok-1.18.39-4050.jar path:c:\Users\tuan\.antigravity-ide\extensions\redhat.java-1.54.0-win32-x64\jre\21.0.10-win32-x86_64\bin\instrument.dll, loaded, initialized, instrumentlib options:none

dbghelp: loaded successfully - version: 4.0.5 - missing functions: none
symbol engine: initialized successfully - sym options: 0x614 - pdb path: .;c:\Users\tuan\.antigravity-ide\extensions\redhat.java-1.54.0-win32-x64\jre\21.0.10-win32-x86_64\bin;C:\WINDOWS\SYSTEM32;C:\WINDOWS\WinSxS\amd64_microsoft.windows.common-controls_6595b64144ccf1df_6.0.26100.8521_none_3e08b75ce33403b3;c:\Users\tuan\.antigravity-ide\extensions\redhat.java-1.54.0-win32-x64\jre\21.0.10-win32-x86_64\bin\server;C:\Users\tuan\AppData\Roaming\Antigravity IDE\User\globalStorage\redhat.java\1.54.0\config_win\org.eclipse.equinox.launcher\org.eclipse.equinox.launcher.win32.win32.x86_64_1.3.0.v20260203-2149;C:\Users\tuan\AppData\Local\Temp\jna-3571310

VM Arguments:
jvm_args: --add-modules=ALL-SYSTEM --add-opens=java.base/java.util=ALL-UNNAMED --add-opens=java.base/java.lang=ALL-UNNAMED --add-opens=java.base/sun.nio.fs=ALL-UNNAMED -Declipse.application=org.eclipse.jdt.ls.core.id1 -Dosgi.bundles.defaultStartLevel=4 -Declipse.product=org.eclipse.jdt.ls.core.product -Djava.import.generatesMetadataFilesAtProjectRoot=false -DDetectVMInstallationsJob.disabled=true -Dfile.encoding=utf8 -XX:+UseParallelGC -XX:GCTimeRatio=4 -XX:AdaptiveSizePolicyWeight=90 -Dsun.zip.disableMemoryMapping=true -Xmx2G -Xms100m -Xlog:disable -javaagent:c:\Users\tuan\.antigravity-ide\extensions\redhat.java-1.54.0-win32-x64\lombok\lombok-1.18.39-4050.jar -XX:+HeapDumpOnOutOfMemoryError -XX:HeapDumpPath=c:\Users\tuan\AppData\Roaming\Antigravity IDE\User\workspaceStorage\db2389fb667593cc09148b34c2eb951b\redhat.java -Daether.dependencyCollector.impl=bf 
java_command: c:\Users\tuan\.antigravity-ide\extensions\redhat.java-1.54.0-win32-x64\server\plugins\org.eclipse.equinox.launcher_1.7.100.v20251111-0406.jar -configuration c:\Users\tuan\AppData\Roaming\Antigravity IDE\User\globalStorage\redhat.java\1.54.0\config_win -data c:\Users\tuan\AppData\Roaming\Antigravity IDE\User\workspaceStorage\db2389fb667593cc09148b34c2eb951b\redhat.java\jdt_ws --pipe=\\.\pipe\lsp-ebebb78d101949ee05887b52aa7b3498-sock
java_class_path (initial): c:\Users\tuan\.antigravity-ide\extensions\redhat.java-1.54.0-win32-x64\server\plugins\org.eclipse.equinox.launcher_1.7.100.v20251111-0406.jar
Launcher Type: SUN_STANDARD

[Global flags]
    uintx AdaptiveSizePolicyWeight                 = 90                                        {product} {command line}
     intx CICompilerCount                          = 4                                         {product} {ergonomic}
    uintx GCTimeRatio                              = 4                                         {product} {command line}
     bool HeapDumpOnOutOfMemoryError               = true                                   {manageable} {command line}
    ccstr HeapDumpPath                             = c:\Users\tuan\AppData\Roaming\Antigravity IDE\User\workspaceStorage\db2389fb667593cc09148b34c2eb951b\redhat.java         {manageable} {command line}
   size_t InitialHeapSize                          = 104857600                                 {product} {command line}
   size_t MaxHeapSize                              = 2147483648                                {product} {command line}
   size_t MaxNewSize                               = 715653120                                 {product} {ergonomic}
   size_t MinHeapDeltaBytes                        = 524288                                    {product} {ergonomic}
   size_t MinHeapSize                              = 104857600                                 {product} {command line}
   size_t NewSize                                  = 34603008                                  {product} {ergonomic}
    uintx NonNMethodCodeHeapSize                   = 5839372                                {pd product} {ergonomic}
    uintx NonProfiledCodeHeapSize                  = 122909434                              {pd product} {ergonomic}
   size_t OldSize                                  = 70254592                                  {product} {ergonomic}
    uintx ProfiledCodeHeapSize                     = 122909434                              {pd product} {ergonomic}
    uintx ReservedCodeCacheSize                    = 251658240                              {pd product} {ergonomic}
     bool SegmentedCodeCache                       = true                                      {product} {ergonomic}
   size_t SoftMaxHeapSize                          = 2147483648                             {manageable} {ergonomic}
     bool UseCompressedOops                        = true                           {product lp64_product} {ergonomic}
     bool UseLargePagesIndividualAllocation        = false                                  {pd product} {ergonomic}
     bool UseParallelGC                            = true                                      {product} {command line}

Logging:
Log output configuration:
 #0: stdout all=off uptime,level,tags foldmultilines=false
 #1: stderr all=off uptime,level,tags foldmultilines=false

Release file:
JAVA_VERSION="21.0.10" 
MODULES="java.base java.compiler java.datatransfer java.xml java.prefs java.desktop java.instrument java.logging java.management java.security.sasl java.naming java.rmi java.management.rmi java.net.http java.scripting java.security.jgss java.transaction.xa java.sql java.sql.rowset java.xml.crypto java.se java.smartcardio jdk.accessibility jdk.internal.jvmstat jdk.attach jdk.charsets jdk.internal.opt jdk.zipfs jdk.compiler jdk.crypto.ec jdk.crypto.cryptoki jdk.crypto.mscapi jdk.dynalink jdk.internal.ed jdk.editpad jdk.hotspot.agent jdk.httpserver jdk.internal.le jdk.internal.vm.ci jdk.internal.vm.compiler jdk.internal.vm.compiler.management jdk.jartool jdk.javadoc jdk.jcmd jdk.management jdk.management.agent jdk.jconsole jdk.jdeps jdk.jdwp.agent jdk.jdi jdk.jfr jdk.jshell jdk.jsobject jdk.jstatd jdk.localedata jdk.management.jfr jdk.naming.dns jdk.naming.rmi jdk.net jdk.nio.mapmode jdk.random jdk.sctp jdk.security.auth jdk.security.jgss jdk.unsupported jdk.unsupported.desktop jdk.xml.dom" 

Environment Variables:
CLASSPATH=%CLASSPATH%;%JUNIT_HOME%\JUnit4.12.jar;.;;D:\code\junit-4.13.2.jar\JUnit4.12.jar;.;;D:\code\junit-4.13.2.jar\JUnit4.12.jar;.;
PATH=c:\Users\tuan\AppData\Local\Programs\cursor\resources\app\bin;C:\Program Files\Common Files\Oracle\Java\javapath;C:\Program Files (x86)\Common Files\Oracle\Java\java8path;C:\Program Files (x86)\Common Files\Oracle\Java\javapath;C:\WINDOWS\system32;C:\WINDOWS;C:\WINDOWS\System32\Wbem;C:\WINDOWS\System32\WindowsPowerShell\v1.0\;C:\WINDOWS\System32\OpenSSH\;C:\Program Files\dotnet\;C:\Program Files\Microsoft SQL Server\Client SDK\ODBC\170\Tools\Binn\;C:\Program Files (x86)\Microsoft SQL Server\150\Tools\Binn\;C:\Program Files\Microsoft SQL Server\150\Tools\Binn\;C:\Program Files\Microsoft SQL Server\150\DTS\Binn\;C:\Program Files (x86)\Microsoft SQL Server\160\Tools\Binn\;C:\Program Files\Microsoft SQL Server\160\Tools\Binn\;C:\Program Files\Microsoft SQL Server\160\DTS\Binn\;C:\Users\tuan\AppData\Local\Microsoft\WindowsApps;C:\Users\tuan\.dotnet\tools;C:\Users\tuan\App;C:\Program Files\Git\cmd;C:\Program Files\nodejs\;C:\Program Files\Docker\Docker\resources\bin;C:\Program Files\Go\bin;C:\Users\tuan\AppData\Local\Microsoft\WindowsApps;C:\Users\tuan\.dotnet\tools;D:\Microsoft VS Code\bin;%JAVA_HOME%\bin;C:\Users\tuan\AppData\Roaming\npm;C:\Users\tuan\AppData\Local\Python\bin;C:\Users\tuan\AppData\Local\Programs\Antigravity\bin;C:\Users\tuan\go\bin;C:\Users\tuan\AppData\Local\Programs\Antigravity IDE\bin
USERNAME=tuan
OS=Windows_NT
PROCESSOR_IDENTIFIER=Intel64 Family 6 Model 142 Stepping 10, GenuineIntel
TMP=C:\Users\tuan\AppData\Local\Temp
TEMP=C:\Users\tuan\AppData\Local\Temp




Periodic native trim disabled

---------------  S Y S T E M  ---------------

OS:
 Windows 11 , 64 bit Build 26100 (10.0.26100.8521)
OS uptime: 0 days 0:24 hours
Hyper-V role detected

CPU: total 8 (initial active 8) (4 cores per cpu, 2 threads per core) family 6 model 142 stepping 10 microcode 0xf4, cx8, cmov, fxsr, ht, mmx, 3dnowpref, sse, sse2, sse3, ssse3, sse4.1, sse4.2, popcnt, lzcnt, tsc, tscinvbit, avx, avx2, aes, erms, clmul, bmi1, bmi2, rtm, adx, fma, vzeroupper, clflush, clflushopt, hv, rdtscp, f16c
Processor Information for the first 8 processors :
  Max Mhz: 1896, Current Mhz: 1696, Mhz Limit: 1687

Memory: 4k page, system-wide physical 12166M (1475M free)
TotalPageFile size 16235M (AvailPageFile size 367M)
current process WorkingSet (physical memory assigned to process): 427M, peak: 434M
current process commit charge ("private bytes"): 504M, peak: 512M

vm_info: OpenJDK 64-Bit Server VM (21.0.10+7-LTS) for windows-amd64 JRE (21.0.10+7-LTS), built on 2026-01-20T00:00:00Z by "admin" with MS VC++ 17.12 (VS2022)

END.
