#
# There is insufficient memory for the Java Runtime Environment to continue.
# Native memory allocation (malloc) failed to allocate 1051216 bytes. Error detail: Chunk::new
# Possible reasons:
#   The system is out of physical RAM or swap space
#   This process is running with CompressedOops enabled, and the Java Heap may be blocking the growth of the native heap
# Possible solutions:
#   Reduce memory load on the system
#   Increase physical memory or swap space
#   Check if swap backing store is full
#   Decrease Java heap size (-Xmx/-Xms)
#   Decrease number of Java threads
#   Decrease Java thread stack sizes (-Xss)
#   Set larger code cache with -XX:ReservedCodeCacheSize=
#   JVM is running with Unscaled Compressed Oops mode in which the Java heap is
#     placed in the first 4GB address space. The Java Heap base address is the
#     maximum limit for the native heap growth. Please use -XX:HeapBaseMinAddress
#     to set the Java Heap base and to place the Java Heap above 4GB virtual address.
# This output file may be truncated or incomplete.
#
#  Out of Memory Error (arena.cpp:168), pid=13596, tid=15784
#
# JRE version: OpenJDK Runtime Environment Temurin-21.0.10+7 (21.0.10+7) (build 21.0.10+7-LTS)
# Java VM: OpenJDK 64-Bit Server VM Temurin-21.0.10+7 (21.0.10+7-LTS, mixed mode, sharing, tiered, compressed oops, compressed class ptrs, parallel gc, windows-amd64)
# No core dump will be written. Minidumps are not enabled by default on client versions of Windows
#

---------------  S U M M A R Y ------------

Command Line: --add-modules=ALL-SYSTEM --add-opens=java.base/java.util=ALL-UNNAMED --add-opens=java.base/java.lang=ALL-UNNAMED --add-opens=java.base/sun.nio.fs=ALL-UNNAMED -Declipse.application=org.eclipse.jdt.ls.core.id1 -Dosgi.bundles.defaultStartLevel=4 -Declipse.product=org.eclipse.jdt.ls.core.product -Djava.import.generatesMetadataFilesAtProjectRoot=false -DDetectVMInstallationsJob.disabled=true -Dfile.encoding=utf8 -XX:+UseParallelGC -XX:GCTimeRatio=4 -XX:AdaptiveSizePolicyWeight=90 -Dsun.zip.disableMemoryMapping=true -Xmx2G -Xms100m -Xlog:disable -javaagent:c:\Users\tuan\.antigravity-ide\extensions\redhat.java-1.54.0-win32-x64\lombok\lombok-1.18.39-4050.jar -XX:+HeapDumpOnOutOfMemoryError -XX:HeapDumpPath=c:\Users\tuan\AppData\Roaming\Antigravity IDE\User\workspaceStorage\db2389fb667593cc09148b34c2eb951b\redhat.java -Daether.dependencyCollector.impl=bf c:\Users\tuan\.antigravity-ide\extensions\redhat.java-1.54.0-win32-x64\server\plugins\org.eclipse.equinox.launcher_1.7.100.v20251111-0406.jar -configuration c:\Users\tuan\AppData\Roaming\Antigravity IDE\User\globalStorage\redhat.java\1.54.0\config_win -data c:\Users\tuan\AppData\Roaming\Antigravity IDE\User\workspaceStorage\db2389fb667593cc09148b34c2eb951b\redhat.java\jdt_ws --pipe=\\.\pipe\lsp-e13eb9c3e3dd64d656acc2e06917df09-sock

Host: Intel(R) Core(TM) i5-8350U CPU @ 1.70GHz, 8 cores, 11G,  Windows 11 , 64 bit Build 26100 (10.0.26100.8521)
Time: Sun Jun 21 16:07:55 2026 SE Asia Standard Time elapsed time: 131.168497 seconds (0d 0h 2m 11s)

---------------  T H R E A D  ---------------

Current thread (0x0000029979211840):  JavaThread "C2 CompilerThread1" daemon [_thread_in_native, id=15784, stack(0x000000a28cf00000,0x000000a28d000000) (1024K)]


Current CompileTask:
C2:131168 8713       4       java.lang.invoke.MethodType::makeImpl (109 bytes)

Stack: [0x000000a28cf00000,0x000000a28d000000]
Native frames: (J=compiled Java code, j=interpreted, Vv=VM code, C=native code)
V  [jvm.dll+0x6d7a39]
V  [jvm.dll+0x8b4b26]
V  [jvm.dll+0x8b70de]
V  [jvm.dll+0x8b77c3]
V  [jvm.dll+0x284346]
V  [jvm.dll+0xc66ed]
V  [jvm.dll+0xc6c31]
V  [jvm.dll+0x3bec01]
V  [jvm.dll+0x1e3d62]
V  [jvm.dll+0x24c6b3]
V  [jvm.dll+0x24bb40]
V  [jvm.dll+0x1cb34e]
V  [jvm.dll+0x25b85d]
V  [jvm.dll+0x259dea]
V  [jvm.dll+0x3f857e]
V  [jvm.dll+0x85f59d]
V  [jvm.dll+0x6d626d]
C  [ucrtbase.dll+0x2cd30]
C  [KERNEL32.DLL+0x2e957]
C  [ntdll.dll+0x87c1c]


---------------  P R O C E S S  ---------------

Threads class SMR info:
_java_thread_list=0x0000029979e7b9d0, length=46, elements={
0x000002995b66c490, 0x000002995b72d6b0, 0x00000299720e4ae0, 0x00000299720e8760,
0x00000299720e91c0, 0x00000299720e9c20, 0x00000299720ea680, 0x00000299720eb4c0,
0x000002997211def0, 0x0000029973b2e140, 0x0000029973c0b060, 0x00000299784c7990,
0x0000029973a09b70, 0x0000029973b09f20, 0x0000029973a8b560, 0x0000029978852f30,
0x0000029973c77a70, 0x0000029978ccc3f0, 0x0000029978d8a410, 0x0000029978d8b7c0,
0x0000029978d8aaa0, 0x000002997a182630, 0x000002997a184070, 0x000002997a183350,
0x000002997a1839e0, 0x000002997a184700, 0x000002997a184d90, 0x000002997a185420,
0x000002997a181fa0, 0x000002997a186140, 0x000002997a188210, 0x000002997a187b80,
0x000002997a1867d0, 0x000002997a1888a0, 0x000002997a188f30, 0x000002997a185ab0,
0x000002997a1895c0, 0x000002997a186e60, 0x000002997a1874f0, 0x0000029978e37600,
0x0000029978e35530, 0x0000029978e34ea0, 0x0000029978e36f70, 0x0000029978e34180,
0x0000029979211840, 0x000002997a5299e0
}

Java Threads: ( => current thread )
  0x000002995b66c490 JavaThread "main"                              [_thread_blocked, id=8828, stack(0x000000a28d000000,0x000000a28d100000) (1024K)]
  0x000002995b72d6b0 JavaThread "Reference Handler"          daemon [_thread_blocked, id=16596, stack(0x000000a28d400000,0x000000a28d500000) (1024K)]
  0x00000299720e4ae0 JavaThread "Finalizer"                  daemon [_thread_blocked, id=16592, stack(0x000000a28d500000,0x000000a28d600000) (1024K)]
  0x00000299720e8760 JavaThread "Signal Dispatcher"          daemon [_thread_blocked, id=16536, stack(0x000000a28d600000,0x000000a28d700000) (1024K)]
  0x00000299720e91c0 JavaThread "Attach Listener"            daemon [_thread_blocked, id=16600, stack(0x000000a28d700000,0x000000a28d800000) (1024K)]
  0x00000299720e9c20 JavaThread "Service Thread"             daemon [_thread_blocked, id=2700, stack(0x000000a28d800000,0x000000a28d900000) (1024K)]
  0x00000299720ea680 JavaThread "Monitor Deflation Thread"   daemon [_thread_blocked, id=5016, stack(0x000000a28d900000,0x000000a28da00000) (1024K)]
  0x00000299720eb4c0 JavaThread "C2 CompilerThread0"         daemon [_thread_in_native, id=3128, stack(0x000000a28da00000,0x000000a28db00000) (1024K)]
  0x000002997211def0 JavaThread "C1 CompilerThread0"         daemon [_thread_blocked, id=19824, stack(0x000000a28db00000,0x000000a28dc00000) (1024K)]
  0x0000029973b2e140 JavaThread "Common-Cleaner"             daemon [_thread_blocked, id=17368, stack(0x000000a28dd00000,0x000000a28de00000) (1024K)]
  0x0000029973c0b060 JavaThread "Notification Thread"        daemon [_thread_blocked, id=3860, stack(0x000000a28dc00000,0x000000a28dd00000) (1024K)]
  0x00000299784c7990 JavaThread "Active Thread: Equinox Container: 1c49322c-6b3b-426a-bf71-347052fab168"        [_thread_blocked, id=14384, stack(0x000000a28e500000,0x000000a28e600000) (1024K)]
  0x0000029973a09b70 JavaThread "Refresh Thread: Equinox Container: 1c49322c-6b3b-426a-bf71-347052fab168" daemon [_thread_blocked, id=1612, stack(0x000000a28e400000,0x000000a28e500000) (1024K)]
  0x0000029973b09f20 JavaThread "Framework Event Dispatcher: Equinox Container: 1c49322c-6b3b-426a-bf71-347052fab168" daemon [_thread_blocked, id=2680, stack(0x000000a28e700000,0x000000a28e800000) (1024K)]
  0x0000029973a8b560 JavaThread "Start Level: Equinox Container: 1c49322c-6b3b-426a-bf71-347052fab168" daemon [_thread_blocked, id=18152, stack(0x000000a28e800000,0x000000a28e900000) (1024K)]
  0x0000029978852f30 JavaThread "Bundle File Closer"         daemon [_thread_blocked, id=12688, stack(0x000000a28e900000,0x000000a28ea00000) (1024K)]
  0x0000029973c77a70 JavaThread "SCR Component Actor"        daemon [_thread_blocked, id=2864, stack(0x000000a28ce00000,0x000000a28cf00000) (1024K)]
  0x0000029978ccc3f0 JavaThread "Worker-JM"                         [_thread_blocked, id=15444, stack(0x000000a28ea00000,0x000000a28eb00000) (1024K)]
  0x0000029978d8a410 JavaThread "JNA Cleaner"                daemon [_thread_blocked, id=16792, stack(0x000000a28eb00000,0x000000a28ec00000) (1024K)]
  0x0000029978d8b7c0 JavaThread "Worker-0: Initialize workspace"        [_thread_blocked, id=18044, stack(0x000000a28ec00000,0x000000a28ed00000) (1024K)]
  0x0000029978d8aaa0 JavaThread "Worker-1"                          [_thread_blocked, id=2712, stack(0x000000a28ed00000,0x000000a28ee00000) (1024K)]
  0x000002997a182630 JavaThread "Worker-2"                          [_thread_blocked, id=11188, stack(0x000000a28ee00000,0x000000a28ef00000) (1024K)]
  0x000002997a184070 JavaThread "Java indexing"              daemon [_thread_blocked, id=13416, stack(0x000000a28f000000,0x000000a28f100000) (1024K)]
  0x000002997a183350 JavaThread "Worker-3"                          [_thread_blocked, id=7964, stack(0x000000a28ef00000,0x000000a28f000000) (1024K)]
  0x000002997a1839e0 JavaThread "Worker-4: Publish Diagnostics"        [_thread_in_vm, id=15284, stack(0x000000a28f500000,0x000000a28f600000) (1024K)]
  0x000002997a184700 JavaThread "Thread-1"                   daemon [_thread_in_native, id=17372, stack(0x000000a28f600000,0x000000a28f700000) (1024K)]
  0x000002997a184d90 JavaThread "Thread-2"                   daemon [_thread_in_native, id=8984, stack(0x000000a28f700000,0x000000a28f800000) (1024K)]
  0x000002997a185420 JavaThread "Thread-3"                   daemon [_thread_in_native, id=6580, stack(0x000000a28f800000,0x000000a28f900000) (1024K)]
  0x000002997a181fa0 JavaThread "Thread-4"                   daemon [_thread_in_native, id=17812, stack(0x000000a28f900000,0x000000a28fa00000) (1024K)]
  0x000002997a186140 JavaThread "Thread-5"                   daemon [_thread_in_native, id=7448, stack(0x000000a28fa00000,0x000000a28fb00000) (1024K)]
  0x000002997a188210 JavaThread "Thread-6"                   daemon [_thread_in_native, id=2444, stack(0x000000a28fb00000,0x000000a28fc00000) (1024K)]
  0x000002997a187b80 JavaThread "Thread-7"                   daemon [_thread_in_native, id=9940, stack(0x000000a28fc00000,0x000000a28fd00000) (1024K)]
  0x000002997a1867d0 JavaThread "Thread-8"                   daemon [_thread_in_native, id=13552, stack(0x000000a28fd00000,0x000000a28fe00000) (1024K)]
  0x000002997a1888a0 JavaThread "Thread-9"                   daemon [_thread_in_native, id=17740, stack(0x000000a28fe00000,0x000000a28ff00000) (1024K)]
  0x000002997a188f30 JavaThread "pool-2-thread-1"                   [_thread_blocked, id=9056, stack(0x000000a28ff00000,0x000000a290000000) (1024K)]
  0x000002997a185ab0 JavaThread "WorkspaceEventsHandler"            [_thread_blocked, id=18940, stack(0x000000a290000000,0x000000a290100000) (1024K)]
  0x000002997a1895c0 JavaThread "pool-1-thread-1"                   [_thread_blocked, id=17228, stack(0x000000a290100000,0x000000a290200000) (1024K)]
  0x000002997a186e60 JavaThread "ForkJoinPool.commonPool-worker-1" daemon [_thread_blocked, id=4568, stack(0x000000a28f400000,0x000000a28f500000) (1024K)]
  0x000002997a1874f0 JavaThread "ForkJoinPool.commonPool-worker-2" daemon [_thread_in_vm, id=17316, stack(0x000000a290200000,0x000000a290300000) (1024K)]
  0x0000029978e37600 JavaThread "ForkJoinPool.commonPool-worker-3" daemon [_thread_blocked, id=13136, stack(0x000000a290300000,0x000000a290400000) (1024K)]
  0x0000029978e35530 JavaThread "ForkJoinPool.commonPool-worker-4" daemon [_thread_blocked, id=12624, stack(0x000000a290400000,0x000000a290500000) (1024K)]
  0x0000029978e34ea0 JavaThread "ForkJoinPool.commonPool-worker-5" daemon [_thread_blocked, id=8788, stack(0x000000a290500000,0x000000a290600000) (1024K)]
  0x0000029978e36f70 JavaThread "ForkJoinPool.commonPool-worker-6" daemon [_thread_blocked, id=660, stack(0x000000a290600000,0x000000a290700000) (1024K)]
  0x0000029978e34180 JavaThread "ForkJoinPool.commonPool-worker-7" daemon [_thread_blocked, id=21128, stack(0x000000a290700000,0x000000a290800000) (1024K)]
=>0x0000029979211840 JavaThread "C2 CompilerThread1"         daemon [_thread_in_native, id=15784, stack(0x000000a28cf00000,0x000000a28d000000) (1024K)]
  0x000002997a5299e0 JavaThread "C2 CompilerThread2"         daemon [_thread_in_native, id=8944, stack(0x000000a28f100000,0x000000a28f200000) (1024K)]
Total: 46

Other Threads:
  0x00000299720e2690 VMThread "VM Thread"                           [id=10748, stack(0x000000a28d300000,0x000000a28d400000) (1024K)]
  0x0000029971ffca00 WatcherThread "VM Periodic Task Thread"        [id=2184, stack(0x000000a28d200000,0x000000a28d300000) (1024K)]
  0x000002995b6899d0 WorkerThread "GC Thread#0"                     [id=7272, stack(0x000000a28d100000,0x000000a28d200000) (1024K)]
  0x0000029978198920 WorkerThread "GC Thread#1"                     [id=17088, stack(0x000000a28de00000,0x000000a28df00000) (1024K)]
  0x00000299783de3e0 WorkerThread "GC Thread#2"                     [id=17312, stack(0x000000a28df00000,0x000000a28e000000) (1024K)]
  0x00000299783de790 WorkerThread "GC Thread#3"                     [id=9520, stack(0x000000a28e000000,0x000000a28e100000) (1024K)]
  0x00000299783c2540 WorkerThread "GC Thread#4"                     [id=17160, stack(0x000000a28e100000,0x000000a28e200000) (1024K)]
  0x00000299783c28f0 WorkerThread "GC Thread#5"                     [id=17352, stack(0x000000a28e200000,0x000000a28e300000) (1024K)]
  0x00000299783e2c30 WorkerThread "GC Thread#6"                     [id=7424, stack(0x000000a28e300000,0x000000a28e400000) (1024K)]
  0x0000029973a0a1e0 WorkerThread "GC Thread#7"                     [id=2248, stack(0x000000a28e600000,0x000000a28e700000) (1024K)]
Total: 10

Threads with active compile tasks:
C2 CompilerThread0  131221 8806       4       sun.nio.fs.WindowsPathParser::normalize (233 bytes)
C2 CompilerThread1  131221 8713       4       java.lang.invoke.MethodType::makeImpl (109 bytes)
C2 CompilerThread2  131221 8818       4       sun.nio.fs.WindowsPath::normalize (365 bytes)
Total: 3

VM state: not at safepoint (normal execution)

VM Mutex/Monitor currently owned by a thread: None

Heap address: 0x0000000080000000, size: 2048 MB, Compressed Oops mode: 32-bit

CDS archive(s) mapped at: [0x0000029900000000-0x0000029900ba0000-0x0000029900ba0000), size 12189696, SharedBaseAddress: 0x0000029900000000, ArchiveRelocationMode: 1.
Compressed class space mapped at: 0x0000029901000000-0x0000029941000000, reserved size: 1073741824
Narrow klass base: 0x0000029900000000, Narrow klass shift: 0, Narrow klass range: 0x100000000

GC Precious Log:
 CardTable entry size: 512
 CPUs: 8 total, 8 available
 Memory: 12166M
 Large Page Support: Disabled
 NUMA Support: Disabled
 Compressed Oops: Enabled (32-bit)
 Alignments: Space 512K, Generation 512K, Heap 2M
 Heap Min Capacity: 100M
 Heap Initial Capacity: 100M
 Heap Max Capacity: 2G
 Pre-touch: Disabled
 Parallel Workers: 8

Heap:
 PSYoungGen      total 17408K, used 11672K [0x00000000d5580000, 0x00000000d6d80000, 0x0000000100000000)
  eden space 16384K, 65% used [0x00000000d5580000,0x00000000d5fea218,0x00000000d6580000)
  from space 1024K, 98% used [0x00000000d6600000,0x00000000d66fc140,0x00000000d6700000)
  to   space 4096K, 0% used [0x00000000d6980000,0x00000000d6980000,0x00000000d6d80000)
 ParOldGen       total 68608K, used 51678K [0x0000000080000000, 0x0000000084300000, 0x00000000d5580000)
  object space 68608K, 75% used [0x0000000080000000,0x0000000083277be8,0x0000000084300000)
 Metaspace       used 57218K, committed 58688K, reserved 1114112K
  class space    used 6147K, committed 6784K, reserved 1048576K

Card table byte_map: [0x000002995b010000,0x000002995b420000] _byte_map_base: 0x000002995ac10000

Marking Bits: (ParMarkBitMap*) 0x00007ff90aca3450
 Begin Bits: [0x000002996db20000, 0x000002996fb20000)
 End Bits:   [0x000002996fb20000, 0x0000029971b20000)

Polling page: 0x0000029959500000

Metaspace:

Usage:
  Non-class:     49.88 MB used.
      Class:      6.00 MB used.
       Both:     55.88 MB used.

Virtual space:
  Non-class space:       64.00 MB reserved,      50.69 MB ( 79%) committed,  1 nodes.
      Class space:        1.00 GB reserved,       6.62 MB ( <1%) committed,  1 nodes.
             Both:        1.06 GB reserved,      57.31 MB (  5%) committed. 

Chunk freelists:
   Non-Class:  13.16 MB
       Class:  9.36 MB
        Both:  22.51 MB

MaxMetaspaceSize: unlimited
CompressedClassSpaceSize: 1.00 GB
Initial GC threshold: 21.00 MB
Current GC threshold: 58.38 MB
CDS: on
 - commit_granule_bytes: 65536.
 - commit_granule_words: 8192.
 - virtual_space_node_default_size: 8388608.
 - enlarge_chunks_in_place: 1.
 - use_allocation_guard: 0.


Internal statistics:

num_allocs_failed_limit: 6.
num_arena_births: 1140.
num_arena_deaths: 14.
num_vsnodes_births: 2.
num_vsnodes_deaths: 0.
num_space_committed: 917.
num_space_uncommitted: 0.
num_chunks_returned_to_freelist: 20.
num_chunks_taken_from_freelist: 3879.
num_chunk_merges: 12.
num_chunk_splits: 2337.
num_chunks_enlarged: 1255.
num_inconsistent_stats: 0.

CodeHeap 'non-profiled nmethods': size=120000Kb used=6012Kb max_used=6012Kb free=113987Kb
 bounds [0x0000029966340000, 0x0000029966920000, 0x000002996d870000]
CodeHeap 'profiled nmethods': size=120000Kb used=18769Kb max_used=18769Kb free=101231Kb
 bounds [0x000002995e870000, 0x000002995fad0000, 0x0000029965da0000]
CodeHeap 'non-nmethods': size=5760Kb used=1401Kb max_used=1563Kb free=4358Kb
 bounds [0x0000029965da0000, 0x0000029966010000, 0x0000029966340000]
CodeCache: size=245760Kb, used=26182Kb, max_used=26344Kb, free=219576Kb
 total_blobs=8898, nmethods=8186, adapters=618, full_count=0
Compilation: enabled, stopped_count=0, restarted_count=0

Compilation events (20 events):
Event: 130.103 Thread 0x000002997211def0 nmethod 8802 0x000002995faac010 code [0x000002995faac260, 0x000002995faaccf8]
Event: 130.103 Thread 0x000002997211def0 8803       3       java.util.List::copyOf (5 bytes)
Event: 130.103 Thread 0x000002997211def0 nmethod 8803 0x000002995faad090 code [0x000002995faad240, 0x000002995faad358]
Event: 130.104 Thread 0x000002997211def0 8804   !   3       org.eclipse.jdt.internal.core.util.DeduplicationUtil::internObject (19 bytes)
Event: 130.104 Thread 0x000002997211def0 nmethod 8804 0x000002995faad410 code [0x000002995faad5c0, 0x000002995faad7f8]
Event: 130.104 Thread 0x000002997211def0 8801       3       java.lang.String::valueOf (5 bytes)
Event: 130.104 Thread 0x000002997211def0 nmethod 8801 0x000002995faad910 code [0x000002995faadac0, 0x000002995faadbd8]
Event: 130.104 Thread 0x000002997211def0 8809       1       org.eclipse.jdt.ls.core.internal.CancellableProgressMonitor::isDone (5 bytes)
Event: 130.104 Thread 0x000002997211def0 nmethod 8809 0x000002996690a090 code [0x000002996690a220, 0x000002996690a2f0]
Event: 130.112 Thread 0x000002997211def0 8810       3       org.eclipse.jdt.internal.compiler.impl.CompilerOptions::versionFromJdkLevel (204 bytes)
Event: 130.114 Thread 0x000002997211def0 nmethod 8810 0x000002995faadc90 code [0x000002995faadf00, 0x000002995faae890]
Event: 130.114 Thread 0x000002997211def0 8811   !   3       org.eclipse.jdt.internal.core.util.Util::getEntryName (77 bytes)
Event: 130.117 Thread 0x000002997211def0 nmethod 8811 0x000002995faaea10 code [0x000002995faaece0, 0x000002995faafc48]
Event: 130.118 Thread 0x00000299720eb4c0 nmethod 8784 0x000002996690a390 code [0x000002996690a5e0, 0x000002996690b2c8]
Event: 130.119 Thread 0x00000299720eb4c0 8806       4       sun.nio.fs.WindowsPathParser::normalize (233 bytes)
Event: 130.124 Thread 0x000002997a5299e0 nmethod 8628 0x000002996690b990 code [0x000002996690c900, 0x0000029966916d88]
Event: 130.128 Thread 0x000002997a5299e0 8792   !   4       sun.nio.fs.WindowsPath::initOffsets (153 bytes)
Event: 130.160 Thread 0x000002997211def0 8813       3       org.eclipse.core.runtime.Path::toOSString (224 bytes)
Event: 130.163 Thread 0x000002997211def0 nmethod 8813 0x000002995fab0290 code [0x000002995fab0500, 0x000002995fab0f10]
Event: 130.165 Thread 0x000002997211def0 8814       3       org.eclipse.core.runtime.Path::computeLength (100 bytes)

GC Heap History (20 events):
Event: 107.440 GC heap before
{Heap before GC invocations=28 (full 2):
 PSYoungGen      total 18432K, used 18340K [0x00000000d5580000, 0x00000000d6980000, 0x0000000100000000)
  eden space 16384K, 100% used [0x00000000d5580000,0x00000000d6580000,0x00000000d6580000)
  from space 2048K, 95% used [0x00000000d6580000,0x00000000d6769000,0x00000000d6780000)
  to   space 2048K, 0% used [0x00000000d6780000,0x00000000d6780000,0x00000000d6980000)
 ParOldGen       total 68608K, used 40964K [0x0000000080000000, 0x0000000084300000, 0x00000000d5580000)
  object space 68608K, 59% used [0x0000000080000000,0x00000000828011e0,0x0000000084300000)
 Metaspace       used 49136K, committed 50560K, reserved 1114112K
  class space    used 5339K, committed 5952K, reserved 1048576K
}
Event: 107.445 GC heap after
{Heap after GC invocations=28 (full 2):
 PSYoungGen      total 18432K, used 1984K [0x00000000d5580000, 0x00000000d6980000, 0x0000000100000000)
  eden space 16384K, 0% used [0x00000000d5580000,0x00000000d5580000,0x00000000d6580000)
  from space 2048K, 96% used [0x00000000d6780000,0x00000000d6970010,0x00000000d6980000)
  to   space 2048K, 0% used [0x00000000d6580000,0x00000000d6580000,0x00000000d6780000)
 ParOldGen       total 68608K, used 42778K [0x0000000080000000, 0x0000000084300000, 0x00000000d5580000)
  object space 68608K, 62% used [0x0000000080000000,0x00000000829c6808,0x0000000084300000)
 Metaspace       used 49136K, committed 50560K, reserved 1114112K
  class space    used 5339K, committed 5952K, reserved 1048576K
}
Event: 107.887 GC heap before
{Heap before GC invocations=29 (full 2):
 PSYoungGen      total 18432K, used 18368K [0x00000000d5580000, 0x00000000d6980000, 0x0000000100000000)
  eden space 16384K, 100% used [0x00000000d5580000,0x00000000d6580000,0x00000000d6580000)
  from space 2048K, 96% used [0x00000000d6780000,0x00000000d6970010,0x00000000d6980000)
  to   space 2048K, 0% used [0x00000000d6580000,0x00000000d6580000,0x00000000d6780000)
 ParOldGen       total 68608K, used 42778K [0x0000000080000000, 0x0000000084300000, 0x00000000d5580000)
  object space 68608K, 62% used [0x0000000080000000,0x00000000829c6808,0x0000000084300000)
 Metaspace       used 49164K, committed 50560K, reserved 1114112K
  class space    used 5339K, committed 5952K, reserved 1048576K
}
Event: 107.891 GC heap after
{Heap after GC invocations=29 (full 2):
 PSYoungGen      total 18432K, used 1696K [0x00000000d5580000, 0x00000000d6980000, 0x0000000100000000)
  eden space 16384K, 0% used [0x00000000d5580000,0x00000000d5580000,0x00000000d6580000)
  from space 2048K, 82% used [0x00000000d6580000,0x00000000d6728000,0x00000000d6780000)
  to   space 2048K, 0% used [0x00000000d6780000,0x00000000d6780000,0x00000000d6980000)
 ParOldGen       total 68608K, used 44634K [0x0000000080000000, 0x0000000084300000, 0x00000000d5580000)
  object space 68608K, 65% used [0x0000000080000000,0x0000000082b96818,0x0000000084300000)
 Metaspace       used 49164K, committed 50560K, reserved 1114112K
  class space    used 5339K, committed 5952K, reserved 1048576K
}
Event: 108.180 GC heap before
{Heap before GC invocations=30 (full 2):
 PSYoungGen      total 18432K, used 18080K [0x00000000d5580000, 0x00000000d6980000, 0x0000000100000000)
  eden space 16384K, 100% used [0x00000000d5580000,0x00000000d6580000,0x00000000d6580000)
  from space 2048K, 82% used [0x00000000d6580000,0x00000000d6728000,0x00000000d6780000)
  to   space 2048K, 0% used [0x00000000d6780000,0x00000000d6780000,0x00000000d6980000)
 ParOldGen       total 68608K, used 44634K [0x0000000080000000, 0x0000000084300000, 0x00000000d5580000)
  object space 68608K, 65% used [0x0000000080000000,0x0000000082b96818,0x0000000084300000)
 Metaspace       used 50111K, committed 51456K, reserved 1114112K
  class space    used 5478K, committed 6080K, reserved 1048576K
}
Event: 108.186 GC heap after
{Heap after GC invocations=30 (full 2):
 PSYoungGen      total 17920K, used 1336K [0x00000000d5580000, 0x00000000d6900000, 0x0000000100000000)
  eden space 16384K, 0% used [0x00000000d5580000,0x00000000d5580000,0x00000000d6580000)
  from space 1536K, 87% used [0x00000000d6780000,0x00000000d68ce3e8,0x00000000d6900000)
  to   space 1536K, 0% used [0x00000000d6600000,0x00000000d6600000,0x00000000d6780000)
 ParOldGen       total 68608K, used 46202K [0x0000000080000000, 0x0000000084300000, 0x00000000d5580000)
  object space 68608K, 67% used [0x0000000080000000,0x0000000082d1ea18,0x0000000084300000)
 Metaspace       used 50111K, committed 51456K, reserved 1114112K
  class space    used 5478K, committed 6080K, reserved 1048576K
}
Event: 111.209 GC heap before
{Heap before GC invocations=31 (full 2):
 PSYoungGen      total 17920K, used 17720K [0x00000000d5580000, 0x00000000d6900000, 0x0000000100000000)
  eden space 16384K, 100% used [0x00000000d5580000,0x00000000d6580000,0x00000000d6580000)
  from space 1536K, 87% used [0x00000000d6780000,0x00000000d68ce3e8,0x00000000d6900000)
  to   space 1536K, 0% used [0x00000000d6600000,0x00000000d6600000,0x00000000d6780000)
 ParOldGen       total 68608K, used 46202K [0x0000000080000000, 0x0000000084300000, 0x00000000d5580000)
  object space 68608K, 67% used [0x0000000080000000,0x0000000082d1ea18,0x0000000084300000)
 Metaspace       used 51585K, committed 52992K, reserved 1114112K
  class space    used 5637K, committed 6272K, reserved 1048576K
}
Event: 111.213 GC heap after
{Heap after GC invocations=31 (full 2):
 PSYoungGen      total 17408K, used 523K [0x00000000d5580000, 0x00000000d6800000, 0x0000000100000000)
  eden space 16384K, 0% used [0x00000000d5580000,0x00000000d5580000,0x00000000d6580000)
  from space 1024K, 51% used [0x00000000d6600000,0x00000000d6682e58,0x00000000d6700000)
  to   space 1024K, 0% used [0x00000000d6700000,0x00000000d6700000,0x00000000d6800000)
 ParOldGen       total 68608K, used 47224K [0x0000000080000000, 0x0000000084300000, 0x00000000d5580000)
  object space 68608K, 68% used [0x0000000080000000,0x0000000082e1e328,0x0000000084300000)
 Metaspace       used 51585K, committed 52992K, reserved 1114112K
  class space    used 5637K, committed 6272K, reserved 1048576K
}
Event: 114.097 GC heap before
{Heap before GC invocations=32 (full 2):
 PSYoungGen      total 17408K, used 16907K [0x00000000d5580000, 0x00000000d6800000, 0x0000000100000000)
  eden space 16384K, 100% used [0x00000000d5580000,0x00000000d6580000,0x00000000d6580000)
  from space 1024K, 51% used [0x00000000d6600000,0x00000000d6682e58,0x00000000d6700000)
  to   space 1024K, 0% used [0x00000000d6700000,0x00000000d6700000,0x00000000d6800000)
 ParOldGen       total 68608K, used 47224K [0x0000000080000000, 0x0000000084300000, 0x00000000d5580000)
  object space 68608K, 68% used [0x0000000080000000,0x0000000082e1e328,0x0000000084300000)
 Metaspace       used 52518K, committed 53952K, reserved 1114112K
  class space    used 5726K, committed 6336K, reserved 1048576K
}
Event: 114.101 GC heap after
{Heap after GC invocations=32 (full 2):
 PSYoungGen      total 16896K, used 416K [0x00000000d5580000, 0x00000000d6780000, 0x0000000100000000)
  eden space 16384K, 0% used [0x00000000d5580000,0x00000000d5580000,0x00000000d6580000)
  from space 512K, 81% used [0x00000000d6700000,0x00000000d6768000,0x00000000d6780000)
  to   space 512K, 0% used [0x00000000d6680000,0x00000000d6680000,0x00000000d6700000)
 ParOldGen       total 68608K, used 47624K [0x0000000080000000, 0x0000000084300000, 0x00000000d5580000)
  object space 68608K, 69% used [0x0000000080000000,0x0000000082e820b8,0x0000000084300000)
 Metaspace       used 52518K, committed 53952K, reserved 1114112K
  class space    used 5726K, committed 6336K, reserved 1048576K
}
Event: 115.282 GC heap before
{Heap before GC invocations=33 (full 2):
 PSYoungGen      total 16896K, used 16800K [0x00000000d5580000, 0x00000000d6780000, 0x0000000100000000)
  eden space 16384K, 100% used [0x00000000d5580000,0x00000000d6580000,0x00000000d6580000)
  from space 512K, 81% used [0x00000000d6700000,0x00000000d6768000,0x00000000d6780000)
  to   space 512K, 0% used [0x00000000d6680000,0x00000000d6680000,0x00000000d6700000)
 ParOldGen       total 68608K, used 47624K [0x0000000080000000, 0x0000000084300000, 0x00000000d5580000)
  object space 68608K, 69% used [0x0000000080000000,0x0000000082e820b8,0x0000000084300000)
 Metaspace       used 53300K, committed 54720K, reserved 1114112K
  class space    used 5788K, committed 6400K, reserved 1048576K
}
Event: 115.285 GC heap after
{Heap after GC invocations=33 (full 2):
 PSYoungGen      total 16896K, used 499K [0x00000000d5580000, 0x00000000d6980000, 0x0000000100000000)
  eden space 16384K, 0% used [0x00000000d5580000,0x00000000d5580000,0x00000000d6580000)
  from space 512K, 97% used [0x00000000d6680000,0x00000000d66fcdf8,0x00000000d6700000)
  to   space 2048K, 0% used [0x00000000d6780000,0x00000000d6780000,0x00000000d6980000)
 ParOldGen       total 68608K, used 48806K [0x0000000080000000, 0x0000000084300000, 0x00000000d5580000)
  object space 68608K, 71% used [0x0000000080000000,0x0000000082fa99d0,0x0000000084300000)
 Metaspace       used 53300K, committed 54720K, reserved 1114112K
  class space    used 5788K, committed 6400K, reserved 1048576K
}
Event: 115.754 GC heap before
{Heap before GC invocations=34 (full 2):
 PSYoungGen      total 16896K, used 16883K [0x00000000d5580000, 0x00000000d6980000, 0x0000000100000000)
  eden space 16384K, 100% used [0x00000000d5580000,0x00000000d6580000,0x00000000d6580000)
  from space 512K, 97% used [0x00000000d6680000,0x00000000d66fcdf8,0x00000000d6700000)
  to   space 2048K, 0% used [0x00000000d6780000,0x00000000d6780000,0x00000000d6980000)
 ParOldGen       total 68608K, used 48806K [0x0000000080000000, 0x0000000084300000, 0x00000000d5580000)
  object space 68608K, 71% used [0x0000000080000000,0x0000000082fa99d0,0x0000000084300000)
 Metaspace       used 53319K, committed 54720K, reserved 1114112K
  class space    used 5788K, committed 6400K, reserved 1048576K
}
Event: 115.756 GC heap after
{Heap after GC invocations=34 (full 2):
 PSYoungGen      total 17408K, used 905K [0x00000000d5580000, 0x00000000d6880000, 0x0000000100000000)
  eden space 16384K, 0% used [0x00000000d5580000,0x00000000d5580000,0x00000000d6580000)
  from space 1024K, 88% used [0x00000000d6780000,0x00000000d6862710,0x00000000d6880000)
  to   space 1536K, 0% used [0x00000000d6580000,0x00000000d6580000,0x00000000d6700000)
 ParOldGen       total 68608K, used 48966K [0x0000000080000000, 0x0000000084300000, 0x00000000d5580000)
  object space 68608K, 71% used [0x0000000080000000,0x0000000082fd19d0,0x0000000084300000)
 Metaspace       used 53319K, committed 54720K, reserved 1114112K
  class space    used 5788K, committed 6400K, reserved 1048576K
}
Event: 117.627 GC heap before
{Heap before GC invocations=35 (full 2):
 PSYoungGen      total 17408K, used 17199K [0x00000000d5580000, 0x00000000d6880000, 0x0000000100000000)
  eden space 16384K, 99% used [0x00000000d5580000,0x00000000d65696c8,0x00000000d6580000)
  from space 1024K, 88% used [0x00000000d6780000,0x00000000d6862710,0x00000000d6880000)
  to   space 1536K, 0% used [0x00000000d6580000,0x00000000d6580000,0x00000000d6700000)
 ParOldGen       total 68608K, used 48966K [0x0000000080000000, 0x0000000084300000, 0x00000000d5580000)
  object space 68608K, 71% used [0x0000000080000000,0x0000000082fd19d0,0x0000000084300000)
 Metaspace       used 54705K, committed 56128K, reserved 1114112K
  class space    used 5927K, committed 6528K, reserved 1048576K
}
Event: 117.630 GC heap after
{Heap after GC invocations=35 (full 2):
 PSYoungGen      total 17920K, used 608K [0x00000000d5580000, 0x00000000d6800000, 0x0000000100000000)
  eden space 16384K, 0% used [0x00000000d5580000,0x00000000d5580000,0x00000000d6580000)
  from space 1536K, 39% used [0x00000000d6580000,0x00000000d66180c8,0x00000000d6700000)
  to   space 1024K, 0% used [0x00000000d6700000,0x00000000d6700000,0x00000000d6800000)
 ParOldGen       total 68608K, used 49086K [0x0000000080000000, 0x0000000084300000, 0x00000000d5580000)
  object space 68608K, 71% used [0x0000000080000000,0x0000000082fef9d0,0x0000000084300000)
 Metaspace       used 54705K, committed 56128K, reserved 1114112K
  class space    used 5927K, committed 6528K, reserved 1048576K
}
Event: 126.248 GC heap before
{Heap before GC invocations=36 (full 2):
 PSYoungGen      total 17920K, used 16992K [0x00000000d5580000, 0x00000000d6800000, 0x0000000100000000)
  eden space 16384K, 100% used [0x00000000d5580000,0x00000000d6580000,0x00000000d6580000)
  from space 1536K, 39% used [0x00000000d6580000,0x00000000d66180c8,0x00000000d6700000)
  to   space 1024K, 0% used [0x00000000d6700000,0x00000000d6700000,0x00000000d6800000)
 ParOldGen       total 68608K, used 49086K [0x0000000080000000, 0x0000000084300000, 0x00000000d5580000)
  object space 68608K, 71% used [0x0000000080000000,0x0000000082fef9d0,0x0000000084300000)
 Metaspace       used 56041K, committed 57472K, reserved 1114112K
  class space    used 6045K, committed 6656K, reserved 1048576K
}
Event: 126.255 GC heap after
{Heap after GC invocations=36 (full 2):
 PSYoungGen      total 17408K, used 704K [0x00000000d5580000, 0x00000000d6800000, 0x0000000100000000)
  eden space 16384K, 0% used [0x00000000d5580000,0x00000000d5580000,0x00000000d6580000)
  from space 1024K, 68% used [0x00000000d6700000,0x00000000d67b0000,0x00000000d6800000)
  to   space 1024K, 0% used [0x00000000d6600000,0x00000000d6600000,0x00000000d6700000)
 ParOldGen       total 68608K, used 49406K [0x0000000080000000, 0x0000000084300000, 0x00000000d5580000)
  object space 68608K, 72% used [0x0000000080000000,0x000000008303fa00,0x0000000084300000)
 Metaspace       used 56041K, committed 57472K, reserved 1114112K
  class space    used 6045K, committed 6656K, reserved 1048576K
}
Event: 129.769 GC heap before
{Heap before GC invocations=37 (full 2):
 PSYoungGen      total 17408K, used 17088K [0x00000000d5580000, 0x00000000d6800000, 0x0000000100000000)
  eden space 16384K, 100% used [0x00000000d5580000,0x00000000d6580000,0x00000000d6580000)
  from space 1024K, 68% used [0x00000000d6700000,0x00000000d67b0000,0x00000000d6800000)
  to   space 1024K, 0% used [0x00000000d6600000,0x00000000d6600000,0x00000000d6700000)
 ParOldGen       total 68608K, used 49406K [0x0000000080000000, 0x0000000084300000, 0x00000000d5580000)
  object space 68608K, 72% used [0x0000000080000000,0x000000008303fa00,0x0000000084300000)
 Metaspace       used 56774K, committed 58240K, reserved 1114112K
  class space    used 6100K, committed 6720K, reserved 1048576K
}
Event: 129.776 GC heap after
{Heap after GC invocations=37 (full 2):
 PSYoungGen      total 17408K, used 1008K [0x00000000d5580000, 0x00000000d6d80000, 0x0000000100000000)
  eden space 16384K, 0% used [0x00000000d5580000,0x00000000d5580000,0x00000000d6580000)
  from space 1024K, 98% used [0x00000000d6600000,0x00000000d66fc140,0x00000000d6700000)
  to   space 4096K, 0% used [0x00000000d6980000,0x00000000d6980000,0x00000000d6d80000)
 ParOldGen       total 68608K, used 51678K [0x0000000080000000, 0x0000000084300000, 0x00000000d5580000)
  object space 68608K, 75% used [0x0000000080000000,0x0000000083277be8,0x0000000084300000)
 Metaspace       used 56774K, committed 58240K, reserved 1114112K
  class space    used 6100K, committed 6720K, reserved 1048576K
}

Dll operation events (10 events):
Event: 0.064 Loaded shared library c:\Users\tuan\.antigravity-ide\extensions\redhat.java-1.54.0-win32-x64\jre\21.0.10-win32-x86_64\bin\java.dll
Event: 0.415 Loaded shared library c:\Users\tuan\.antigravity-ide\extensions\redhat.java-1.54.0-win32-x64\jre\21.0.10-win32-x86_64\bin\zip.dll
Event: 0.557 Loaded shared library C:\Users\tuan\.antigravity-ide\extensions\redhat.java-1.54.0-win32-x64\jre\21.0.10-win32-x86_64\bin\instrument.dll
Event: 0.570 Loaded shared library C:\Users\tuan\.antigravity-ide\extensions\redhat.java-1.54.0-win32-x64\jre\21.0.10-win32-x86_64\bin\net.dll
Event: 0.575 Loaded shared library C:\Users\tuan\.antigravity-ide\extensions\redhat.java-1.54.0-win32-x64\jre\21.0.10-win32-x86_64\bin\nio.dll
Event: 0.588 Loaded shared library C:\Users\tuan\.antigravity-ide\extensions\redhat.java-1.54.0-win32-x64\jre\21.0.10-win32-x86_64\bin\zip.dll
Event: 0.684 Loaded shared library C:\Users\tuan\.antigravity-ide\extensions\redhat.java-1.54.0-win32-x64\jre\21.0.10-win32-x86_64\bin\jimage.dll
Event: 1.294 Loaded shared library c:\Users\tuan\.antigravity-ide\extensions\redhat.java-1.54.0-win32-x64\jre\21.0.10-win32-x86_64\bin\verify.dll
Event: 44.135 Loaded shared library C:\Users\tuan\AppData\Roaming\Antigravity IDE\User\globalStorage\redhat.java\1.54.0\config_win\org.eclipse.equinox.launcher\org.eclipse.equinox.launcher.win32.win32.x86_64_1.3.0.v20260203-2149\eclipse_11919.dll
Event: 76.543 Loaded shared library C:\Users\tuan\AppData\Local\Temp\jna-3571310\jna15740841129493192997.dll

Deoptimization events (20 events):
Event: 130.116 Thread 0x000002997a1839e0 DEOPT PACKING pc=0x000002995fa92b4e sp=0x000000a28f5fe4f0
Event: 130.116 Thread 0x000002997a1839e0 DEOPT UNPACKING pc=0x0000029965df4242 sp=0x000000a28f5fda70 mode 0
Event: 130.119 Thread 0x000002997a1839e0 DEOPT PACKING pc=0x000002995fa92b4e sp=0x000000a28f5fe530
Event: 130.119 Thread 0x000002997a1839e0 DEOPT UNPACKING pc=0x0000029965df4242 sp=0x000000a28f5fdab0 mode 0
Event: 130.121 Thread 0x000002997a1839e0 DEOPT PACKING pc=0x000002995fa92b4e sp=0x000000a28f5fe530
Event: 130.121 Thread 0x000002997a1839e0 DEOPT UNPACKING pc=0x0000029965df4242 sp=0x000000a28f5fdab0 mode 0
Event: 130.124 Thread 0x000002997a1839e0 DEOPT PACKING pc=0x000002995fa92b4e sp=0x000000a28f5fe530
Event: 130.124 Thread 0x000002997a1839e0 DEOPT UNPACKING pc=0x0000029965df4242 sp=0x000000a28f5fdab0 mode 0
Event: 130.126 Thread 0x000002997a1839e0 DEOPT PACKING pc=0x000002995fa92b4e sp=0x000000a28f5fe530
Event: 130.126 Thread 0x000002997a1839e0 DEOPT UNPACKING pc=0x0000029965df4242 sp=0x000000a28f5fdab0 mode 0
Event: 130.129 Thread 0x000002997a1839e0 DEOPT PACKING pc=0x000002995fa92b4e sp=0x000000a28f5fe530
Event: 130.129 Thread 0x000002997a1839e0 DEOPT UNPACKING pc=0x0000029965df4242 sp=0x000000a28f5fdab0 mode 0
Event: 130.131 Thread 0x000002997a1839e0 DEOPT PACKING pc=0x000002995fa92b4e sp=0x000000a28f5fe530
Event: 130.131 Thread 0x000002997a1839e0 DEOPT UNPACKING pc=0x0000029965df4242 sp=0x000000a28f5fdab0 mode 0
Event: 130.134 Thread 0x000002997a1839e0 DEOPT PACKING pc=0x000002995fa92b4e sp=0x000000a28f5fe530
Event: 130.134 Thread 0x000002997a1839e0 DEOPT UNPACKING pc=0x0000029965df4242 sp=0x000000a28f5fdab0 mode 0
Event: 130.137 Thread 0x000002997a1839e0 DEOPT PACKING pc=0x000002995fa92b4e sp=0x000000a28f5fe530
Event: 130.137 Thread 0x000002997a1839e0 DEOPT UNPACKING pc=0x0000029965df4242 sp=0x000000a28f5fdab0 mode 0
Event: 130.158 Thread 0x000002997a1839e0 DEOPT PACKING pc=0x000002995fa92b4e sp=0x000000a28f5fe530
Event: 130.158 Thread 0x000002997a1839e0 DEOPT UNPACKING pc=0x0000029965df4242 sp=0x000000a28f5fdab0 mode 0

Classes loaded (20 events):
Event: 114.586 Loading class java/util/stream/ReferencePipeline$4$1
Event: 114.587 Loading class java/util/stream/ReferencePipeline$4$1 done
Event: 117.660 Loading class java/util/Hashtable$ValueCollection
Event: 117.660 Loading class java/util/Hashtable$ValueCollection done
Event: 120.009 Loading class java/nio/charset/CharacterCodingException
Event: 120.009 Loading class java/nio/charset/CharacterCodingException done
Event: 120.024 Loading class java/io/SequenceInputStream
Event: 120.024 Loading class java/io/SequenceInputStream done
Event: 120.651 Loading class java/util/WeakHashMap$KeyIterator
Event: 120.651 Loading class java/util/WeakHashMap$KeyIterator done
Event: 129.027 Loading class java/util/concurrent/CompletableFuture$UniApply
Event: 129.027 Loading class java/util/concurrent/CompletableFuture$UniCompletion
Event: 129.027 Loading class java/util/concurrent/CompletableFuture$UniCompletion done
Event: 129.027 Loading class java/util/concurrent/CompletableFuture$UniApply done
Event: 129.094 Loading class java/util/concurrent/CompletableFuture$UniAccept
Event: 129.094 Loading class java/util/concurrent/CompletableFuture$UniAccept done
Event: 129.094 Loading class java/util/concurrent/CompletableFuture$UniExceptionally
Event: 129.094 Loading class java/util/concurrent/CompletableFuture$UniExceptionally done
Event: 130.001 Loading class java/util/Hashtable$KeySet
Event: 130.001 Loading class java/util/Hashtable$KeySet done

Classes unloaded (7 events):
Event: 79.838 Thread 0x00000299720e2690 Unloading class 0x00000299011a9400 'java/lang/invoke/LambdaForm$MH+0x00000299011a9400'
Event: 79.838 Thread 0x00000299720e2690 Unloading class 0x00000299011a9000 'java/lang/invoke/LambdaForm$MH+0x00000299011a9000'
Event: 79.838 Thread 0x00000299720e2690 Unloading class 0x00000299011a8c00 'java/lang/invoke/LambdaForm$MH+0x00000299011a8c00'
Event: 79.838 Thread 0x00000299720e2690 Unloading class 0x00000299011a8800 'java/lang/invoke/LambdaForm$MH+0x00000299011a8800'
Event: 79.838 Thread 0x00000299720e2690 Unloading class 0x00000299011a8400 'java/lang/invoke/LambdaForm$BMH+0x00000299011a8400'
Event: 79.838 Thread 0x00000299720e2690 Unloading class 0x00000299011a8000 'java/lang/invoke/LambdaForm$DMH+0x00000299011a8000'
Event: 79.838 Thread 0x00000299720e2690 Unloading class 0x00000299011a6c00 'java/lang/invoke/LambdaForm$DMH+0x00000299011a6c00'

Classes redefined (0 events):
No events

Internal exceptions (20 events):
Event: 100.400 Thread 0x000002997a1895c0 Exception <a 'java/lang/IncompatibleClassChangeError'{0x00000000d61ccc68}: Found class java.lang.Object, but interface was expected> (0x00000000d61ccc68) 
thrown [s\src\hotspot\share\interpreter\linkResolver.cpp, line 840]
Event: 104.779 Thread 0x000002997a1895c0 Exception <a 'java/lang/NoSuchMethodError'{0x00000000d5a07558}: 'java.lang.Object java.lang.invoke.DelegatingMethodHandle$Holder.reinvoke_L(java.lang.Object, int, long, java.lang.Object, java.lang.Object, int, java.lang.Object)'> (0x00000000d5a07558) 
thrown [s\src\hotspot\share\interpreter\linkResolver.cpp, line 773]
Event: 108.503 Thread 0x000002997a1895c0 Exception <a 'java/lang/NoSuchMethodError'{0x00000000d582d2d8}: 'java.lang.Object java.lang.invoke.DirectMethodHandle$Holder.invokeVirtual(java.lang.Object, java.lang.Object, int)'> (0x00000000d582d2d8) 
thrown [s\src\hotspot\share\interpreter\linkResolver.cpp, line 773]
Event: 120.303 Thread 0x000002997a1895c0 Exception <a 'java/io/FileNotFoundException'{0x00000000d5aa5d10}> (0x00000000d5aa5d10) 
thrown [s\src\hotspot\share\prims\jni.cpp, line 520]
Event: 120.309 Thread 0x000002997a1895c0 Exception <a 'java/io/FileNotFoundException'{0x00000000d5aa6d48}> (0x00000000d5aa6d48) 
thrown [s\src\hotspot\share\prims\jni.cpp, line 520]
Event: 121.913 Thread 0x000002997a183350 Exception <a 'java/lang/NoSuchMethodError'{0x00000000d5f3e6e8}: 'java.lang.Object java.lang.invoke.DirectMethodHandle$Holder.invokeSpecial(java.lang.Object, java.lang.Object, int, long)'> (0x00000000d5f3e6e8) 
thrown [s\src\hotspot\share\interpreter\linkResolver.cpp, line 773]
Event: 128.884 Thread 0x000002997a1895c0 Exception <a 'sun/nio/fs/WindowsException'{0x00000000d5e21138}> (0x00000000d5e21138) 
thrown [s\src\hotspot\share\prims\jni.cpp, line 520]
Event: 128.885 Thread 0x000002997a1895c0 Exception <a 'sun/nio/fs/WindowsException'{0x00000000d5e21788}> (0x00000000d5e21788) 
thrown [s\src\hotspot\share\prims\jni.cpp, line 520]
Event: 128.899 Thread 0x000002997a1895c0 Exception <a 'sun/nio/fs/WindowsException'{0x00000000d5e248f8}> (0x00000000d5e248f8) 
thrown [s\src\hotspot\share\prims\jni.cpp, line 520]
Event: 128.900 Thread 0x000002997a1895c0 Exception <a 'sun/nio/fs/WindowsException'{0x00000000d5e24f48}> (0x00000000d5e24f48) 
thrown [s\src\hotspot\share\prims\jni.cpp, line 520]
Event: 128.931 Thread 0x000002997a1895c0 Exception <a 'sun/nio/fs/WindowsException'{0x00000000d5e26030}> (0x00000000d5e26030) 
thrown [s\src\hotspot\share\prims\jni.cpp, line 520]
Event: 128.939 Thread 0x000002997a1895c0 Exception <a 'sun/nio/fs/WindowsException'{0x00000000d5e26660}> (0x00000000d5e26660) 
thrown [s\src\hotspot\share\prims\jni.cpp, line 520]
Event: 128.940 Thread 0x000002997a1895c0 Exception <a 'sun/nio/fs/WindowsException'{0x00000000d5e271e8}> (0x00000000d5e271e8) 
thrown [s\src\hotspot\share\prims\jni.cpp, line 520]
Event: 128.940 Thread 0x000002997a1895c0 Exception <a 'sun/nio/fs/WindowsException'{0x00000000d5e27818}> (0x00000000d5e27818) 
thrown [s\src\hotspot\share\prims\jni.cpp, line 520]
Event: 128.965 Thread 0x000002997a1895c0 Exception <a 'java/lang/IncompatibleClassChangeError'{0x00000000d5e65b78}: Found class java.lang.Object, but interface was expected> (0x00000000d5e65b78) 
thrown [s\src\hotspot\share\interpreter\linkResolver.cpp, line 840]
Event: 130.008 Thread 0x0000029978d8b7c0 Exception <a 'java/io/FileNotFoundException'{0x00000000d5851200}> (0x00000000d5851200) 
thrown [s\src\hotspot\share\prims\jni.cpp, line 520]
Event: 130.022 Thread 0x0000029978d8b7c0 Exception <a 'java/io/FileNotFoundException'{0x00000000d5852508}> (0x00000000d5852508) 
thrown [s\src\hotspot\share\prims\jni.cpp, line 520]
Event: 130.028 Thread 0x0000029978d8b7c0 Exception <a 'java/io/FileNotFoundException'{0x00000000d5853540}> (0x00000000d5853540) 
thrown [s\src\hotspot\share\prims\jni.cpp, line 520]
Event: 130.036 Thread 0x0000029978e36f70 Implicit null exception at 0x0000029966660d82 to 0x0000029966661a98
Event: 130.043 Thread 0x000002997a1874f0 Exception <a 'java/lang/NoSuchMethodError'{0x00000000d5933d30}: 'java.lang.Object java.lang.invoke.DirectMethodHandle$Holder.invokeStaticInit(java.lang.Object, java.lang.Object, java.lang.Object)'> (0x00000000d5933d30) 
thrown [s\src\hotspot\share\interpreter\linkResolver.cpp, line 773]

ZGC Phase Switch (0 events):
No events

VM Operations (20 events):
Event: 121.332 Executing safepoint VM operation: Cleanup done
Event: 122.348 Executing safepoint VM operation: Cleanup
Event: 122.370 Executing safepoint VM operation: Cleanup done
Event: 123.381 Executing safepoint VM operation: Cleanup
Event: 123.382 Executing safepoint VM operation: Cleanup done
Event: 124.384 Executing safepoint VM operation: Cleanup
Event: 124.388 Executing safepoint VM operation: Cleanup done
Event: 125.403 Executing safepoint VM operation: Cleanup
Event: 125.403 Executing safepoint VM operation: Cleanup done
Event: 125.957 Executing safepoint VM operation: ParallelGCFailedAllocation (Allocation Failure)
Event: 126.255 Executing safepoint VM operation: ParallelGCFailedAllocation (Allocation Failure) done
Event: 127.260 Executing safepoint VM operation: Cleanup
Event: 127.260 Executing safepoint VM operation: Cleanup done
Event: 128.275 Executing safepoint VM operation: Cleanup
Event: 128.275 Executing safepoint VM operation: Cleanup done
Event: 129.290 Executing safepoint VM operation: Cleanup
Event: 129.322 Executing safepoint VM operation: Cleanup done
Event: 129.753 Executing safepoint VM operation: ParallelGCFailedAllocation (Allocation Failure)
Event: 129.776 Executing safepoint VM operation: ParallelGCFailedAllocation (Allocation Failure) done
Event: 130.788 Executing safepoint VM operation: Cleanup

Memory protections (0 events):
No events

Nmethod flushes (20 events):
Event: 87.553 Thread 0x00000299720e2690 flushing  nmethod 0x000002995eefdb90
Event: 87.553 Thread 0x00000299720e2690 flushing  nmethod 0x000002995eefe490
Event: 87.553 Thread 0x00000299720e2690 flushing  nmethod 0x000002995eeff690
Event: 87.553 Thread 0x00000299720e2690 flushing  nmethod 0x000002995ef00290
Event: 87.553 Thread 0x00000299720e2690 flushing  nmethod 0x000002995ef01f90
Event: 87.553 Thread 0x00000299720e2690 flushing  nmethod 0x000002995ef02490
Event: 87.553 Thread 0x00000299720e2690 flushing  nmethod 0x000002995ef02990
Event: 87.553 Thread 0x00000299720e2690 flushing  nmethod 0x000002995ef02d90
Event: 87.553 Thread 0x00000299720e2690 flushing  nmethod 0x000002995ef04190
Event: 87.553 Thread 0x00000299720e2690 flushing  nmethod 0x000002995ef06110
Event: 87.553 Thread 0x00000299720e2690 flushing  nmethod 0x000002995ef12510
Event: 87.553 Thread 0x00000299720e2690 flushing  nmethod 0x000002995ef59f90
Event: 87.553 Thread 0x00000299720e2690 flushing  nmethod 0x000002995ef5a290
Event: 87.553 Thread 0x00000299720e2690 flushing  nmethod 0x000002995efae590
Event: 87.553 Thread 0x00000299720e2690 flushing  nmethod 0x000002995efb7110
Event: 87.553 Thread 0x00000299720e2690 flushing  nmethod 0x000002995efeb090
Event: 87.553 Thread 0x00000299720e2690 flushing  nmethod 0x000002995effc490
Event: 87.553 Thread 0x00000299720e2690 flushing  nmethod 0x000002995f02bf90
Event: 87.553 Thread 0x00000299720e2690 flushing  nmethod 0x000002995f046590
Event: 87.553 Thread 0x00000299720e2690 flushing  nmethod 0x000002995f046a10

Events (20 events):
Event: 105.584 Thread 0x00000299720eb4c0 Thread added: 0x000002997b1e1050
Event: 105.720 Thread 0x00000299720eb4c0 Thread added: 0x000002997b5ff8d0
Event: 108.452 Thread 0x000002997b5ff8d0 Thread exited: 0x000002997b5ff8d0
Event: 108.452 Thread 0x000002997b1e1050 Thread exited: 0x000002997b1e1050
Event: 115.137 Thread 0x000002997211def0 Thread added: 0x0000029979798bb0
Event: 115.615 Thread 0x000002997211def0 Thread added: 0x0000029979f4e4a0
Event: 117.077 Thread 0x0000029979f4e4a0 Thread exited: 0x0000029979f4e4a0
Event: 117.077 Thread 0x0000029979798bb0 Thread exited: 0x0000029979798bb0
Event: 121.704 Thread 0x000002997211def0 Thread added: 0x0000029979798bb0
Event: 121.836 Thread 0x0000029979798bb0 Thread exited: 0x0000029979798bb0
Event: 123.387 Thread 0x00000299720eb4c0 Thread added: 0x000002997a5299e0
Event: 123.769 Thread 0x000002997a5299e0 Thread exited: 0x000002997a5299e0
Event: 124.133 Thread 0x000002997211def0 Thread added: 0x000002997a5299e0
Event: 124.630 Thread 0x000002997a5299e0 Thread exited: 0x000002997a5299e0
Event: 125.078 Thread 0x000002997211def0 Thread added: 0x000002997a5299e0
Event: 125.610 Thread 0x000002997a5299e0 Thread exited: 0x000002997a5299e0
Event: 126.295 Thread 0x000002997211def0 Thread added: 0x000002997a5299e0
Event: 126.631 Thread 0x000002997a5299e0 Thread exited: 0x000002997a5299e0
Event: 126.667 Thread 0x000002997211def0 Thread added: 0x0000029979211840
Event: 126.756 Thread 0x000002997211def0 Thread added: 0x000002997a5299e0


Dynamic libraries:
0x00007ff6017d0000 - 0x00007ff6017de000 	c:\Users\tuan\.antigravity-ide\extensions\redhat.java-1.54.0-win32-x64\jre\21.0.10-win32-x86_64\bin\java.exe
0x00007ff9b6040000 - 0x00007ff9b62a6000 	C:\WINDOWS\SYSTEM32\ntdll.dll
0x00007ff9b5600000 - 0x00007ff9b56c9000 	C:\WINDOWS\System32\KERNEL32.DLL
0x00007ff9b36f0000 - 0x00007ff9b3aea000 	C:\WINDOWS\System32\KERNELBASE.dll
0x00007ff9b3c30000 - 0x00007ff9b3d7c000 	C:\WINDOWS\System32\ucrtbase.dll
0x00007ff9a07f0000 - 0x00007ff9a0808000 	c:\Users\tuan\.antigravity-ide\extensions\redhat.java-1.54.0-win32-x64\jre\21.0.10-win32-x86_64\bin\jli.dll
0x00007ff9b48c0000 - 0x00007ff9b4a87000 	C:\WINDOWS\System32\USER32.dll
0x00007ff9b3d80000 - 0x00007ff9b3da7000 	C:\WINDOWS\System32\win32u.dll
0x00007ff9b4830000 - 0x00007ff9b485b000 	C:\WINDOWS\System32\GDI32.dll
0x00007ff9b3500000 - 0x00007ff9b362b000 	C:\WINDOWS\System32\gdi32full.dll
0x00007ff9b3b80000 - 0x00007ff9b3c23000 	C:\WINDOWS\System32\msvcp_win.dll
0x00007ff99c1e0000 - 0x00007ff99c1fe000 	c:\Users\tuan\.antigravity-ide\extensions\redhat.java-1.54.0-win32-x64\jre\21.0.10-win32-x86_64\bin\VCRUNTIME140.dll
0x00007ff999740000 - 0x00007ff9999d2000 	C:\WINDOWS\WinSxS\amd64_microsoft.windows.common-controls_6595b64144ccf1df_6.0.26100.8521_none_3e08b75ce33403b3\COMCTL32.dll
0x00007ff9b4540000 - 0x00007ff9b45e9000 	C:\WINDOWS\System32\msvcrt.dll
0x00007ff9b4860000 - 0x00007ff9b4892000 	C:\WINDOWS\System32\IMM32.DLL
0x00007ff9aabb0000 - 0x00007ff9aabbc000 	c:\Users\tuan\.antigravity-ide\extensions\redhat.java-1.54.0-win32-x64\jre\21.0.10-win32-x86_64\bin\vcruntime140_1.dll
0x00007ff93af00000 - 0x00007ff93af8d000 	c:\Users\tuan\.antigravity-ide\extensions\redhat.java-1.54.0-win32-x64\jre\21.0.10-win32-x86_64\bin\msvcp140.dll
0x00007ff909fe0000 - 0x00007ff90ad81000 	c:\Users\tuan\.antigravity-ide\extensions\redhat.java-1.54.0-win32-x64\jre\21.0.10-win32-x86_64\bin\server\jvm.dll
0x00007ff9b5710000 - 0x00007ff9b57c6000 	C:\WINDOWS\System32\ADVAPI32.dll
0x00007ff9b4b70000 - 0x00007ff9b4c1a000 	C:\WINDOWS\System32\sechost.dll
0x00007ff9b58f0000 - 0x00007ff9b5a08000 	C:\WINDOWS\System32\RPCRT4.dll
0x00007ff9b45f0000 - 0x00007ff9b4670000 	C:\WINDOWS\System32\WS2_32.dll
0x00007ff9b3150000 - 0x00007ff9b31ae000 	C:\WINDOWS\SYSTEM32\POWRPROF.dll
0x00007ff99c7c0000 - 0x00007ff99c7f6000 	C:\WINDOWS\SYSTEM32\WINMM.dll
0x00007ff9a7e80000 - 0x00007ff9a7e8b000 	C:\WINDOWS\SYSTEM32\VERSION.dll
0x00007ff9b3130000 - 0x00007ff9b3144000 	C:\WINDOWS\SYSTEM32\UMPDC.dll
0x00007ff9b2060000 - 0x00007ff9b207b000 	C:\WINDOWS\SYSTEM32\kernel.appcore.dll
0x00007ff99fd10000 - 0x00007ff99fd1a000 	c:\Users\tuan\.antigravity-ide\extensions\redhat.java-1.54.0-win32-x64\jre\21.0.10-win32-x86_64\bin\jimage.dll
0x00007ff9ad1a0000 - 0x00007ff9ad3e2000 	C:\WINDOWS\SYSTEM32\DBGHELP.DLL
0x00007ff9b5a10000 - 0x00007ff9b5d93000 	C:\WINDOWS\System32\combase.dll
0x00007ff9b4a90000 - 0x00007ff9b4b69000 	C:\WINDOWS\System32\OLEAUT32.dll
0x00007ff978a70000 - 0x00007ff978aab000 	C:\WINDOWS\SYSTEM32\dbgcore.DLL
0x00007ff9b3450000 - 0x00007ff9b34f8000 	C:\WINDOWS\System32\bcryptPrimitives.dll
0x00007ff9a28d0000 - 0x00007ff9a28df000 	c:\Users\tuan\.antigravity-ide\extensions\redhat.java-1.54.0-win32-x64\jre\21.0.10-win32-x86_64\bin\instrument.dll
0x00007ff9a2580000 - 0x00007ff9a25a0000 	c:\Users\tuan\.antigravity-ide\extensions\redhat.java-1.54.0-win32-x64\jre\21.0.10-win32-x86_64\bin\java.dll
0x00007ff9b3db0000 - 0x00007ff9b4534000 	C:\WINDOWS\System32\SHELL32.dll
0x00007ff9b0eb0000 - 0x00007ff9b1730000 	C:\WINDOWS\SYSTEM32\windows.storage.dll
0x00007ff9b4cb0000 - 0x00007ff9b4da6000 	C:\WINDOWS\System32\SHCORE.dll
0x00007ff9b57d0000 - 0x00007ff9b5837000 	C:\WINDOWS\System32\shlwapi.dll
0x00007ff9b31f0000 - 0x00007ff9b3219000 	C:\WINDOWS\SYSTEM32\profapi.dll
0x00007ff993520000 - 0x00007ff993538000 	c:\Users\tuan\.antigravity-ide\extensions\redhat.java-1.54.0-win32-x64\jre\21.0.10-win32-x86_64\bin\zip.dll
0x00007ff9a28c0000 - 0x00007ff9a28d0000 	C:\Users\tuan\.antigravity-ide\extensions\redhat.java-1.54.0-win32-x64\jre\21.0.10-win32-x86_64\bin\net.dll
0x00007ff9a6530000 - 0x00007ff9a6659000 	C:\WINDOWS\SYSTEM32\WINHTTP.dll
0x00007ff9b25d0000 - 0x00007ff9b263c000 	C:\WINDOWS\system32\mswsock.dll
0x00007ff97c160000 - 0x00007ff97c176000 	C:\Users\tuan\.antigravity-ide\extensions\redhat.java-1.54.0-win32-x64\jre\21.0.10-win32-x86_64\bin\nio.dll
0x00007ff993510000 - 0x00007ff993520000 	c:\Users\tuan\.antigravity-ide\extensions\redhat.java-1.54.0-win32-x64\jre\21.0.10-win32-x86_64\bin\verify.dll
0x00007ff943110000 - 0x00007ff943155000 	C:\Users\tuan\AppData\Roaming\Antigravity IDE\User\globalStorage\redhat.java\1.54.0\config_win\org.eclipse.equinox.launcher\org.eclipse.equinox.launcher.win32.win32.x86_64_1.3.0.v20260203-2149\eclipse_11919.dll
0x00007ff9b5e60000 - 0x00007ff9b5ff8000 	C:\WINDOWS\System32\ole32.dll
0x00007ff9b28b0000 - 0x00007ff9b28cb000 	C:\WINDOWS\SYSTEM32\CRYPTSP.dll
0x00007ff9b1fc0000 - 0x00007ff9b1ff9000 	C:\WINDOWS\system32\rsaenh.dll
0x00007ff9b2680000 - 0x00007ff9b26b3000 	C:\WINDOWS\SYSTEM32\USERENV.dll
0x00007ff9b31c0000 - 0x00007ff9b31ea000 	C:\WINDOWS\SYSTEM32\bcrypt.dll
0x00007ff9b28d0000 - 0x00007ff9b28dc000 	C:\WINDOWS\SYSTEM32\CRYPTBASE.dll
0x00007ff9b1a90000 - 0x00007ff9b1ac3000 	C:\WINDOWS\SYSTEM32\IPHLPAPI.DLL
0x00007ff9b4820000 - 0x00007ff9b482a000 	C:\WINDOWS\System32\NSI.dll
0x00007ff93b000000 - 0x00007ff93b049000 	C:\Users\tuan\AppData\Local\Temp\jna-3571310\jna15740841129493192997.dll
0x00007ff9b4c20000 - 0x00007ff9b4c28000 	C:\WINDOWS\System32\PSAPI.DLL
0x00007ff9a6b20000 - 0x00007ff9a6b3d000 	C:\WINDOWS\SYSTEM32\dhcpcsvc6.DLL
0x00007ff9a6b50000 - 0x00007ff9a6b75000 	C:\WINDOWS\SYSTEM32\dhcpcsvc.DLL

JVMTI agents:
c:\Users\tuan\.antigravity-ide\extensions\redhat.java-1.54.0-win32-x64\lombok\lombok-1.18.39-4050.jar path:c:\Users\tuan\.antigravity-ide\extensions\redhat.java-1.54.0-win32-x64\jre\21.0.10-win32-x86_64\bin\instrument.dll, loaded, initialized, instrumentlib options:none

dbghelp: loaded successfully - version: 4.0.5 - missing functions: none
symbol engine: initialized successfully - sym options: 0x614 - pdb path: .;c:\Users\tuan\.antigravity-ide\extensions\redhat.java-1.54.0-win32-x64\jre\21.0.10-win32-x86_64\bin;C:\WINDOWS\SYSTEM32;C:\WINDOWS\WinSxS\amd64_microsoft.windows.common-controls_6595b64144ccf1df_6.0.26100.8521_none_3e08b75ce33403b3;c:\Users\tuan\.antigravity-ide\extensions\redhat.java-1.54.0-win32-x64\jre\21.0.10-win32-x86_64\bin\server;C:\Users\tuan\AppData\Roaming\Antigravity IDE\User\globalStorage\redhat.java\1.54.0\config_win\org.eclipse.equinox.launcher\org.eclipse.equinox.launcher.win32.win32.x86_64_1.3.0.v20260203-2149;C:\Users\tuan\AppData\Local\Temp\jna-3571310

VM Arguments:
jvm_args: --add-modules=ALL-SYSTEM --add-opens=java.base/java.util=ALL-UNNAMED --add-opens=java.base/java.lang=ALL-UNNAMED --add-opens=java.base/sun.nio.fs=ALL-UNNAMED -Declipse.application=org.eclipse.jdt.ls.core.id1 -Dosgi.bundles.defaultStartLevel=4 -Declipse.product=org.eclipse.jdt.ls.core.product -Djava.import.generatesMetadataFilesAtProjectRoot=false -DDetectVMInstallationsJob.disabled=true -Dfile.encoding=utf8 -XX:+UseParallelGC -XX:GCTimeRatio=4 -XX:AdaptiveSizePolicyWeight=90 -Dsun.zip.disableMemoryMapping=true -Xmx2G -Xms100m -Xlog:disable -javaagent:c:\Users\tuan\.antigravity-ide\extensions\redhat.java-1.54.0-win32-x64\lombok\lombok-1.18.39-4050.jar -XX:+HeapDumpOnOutOfMemoryError -XX:HeapDumpPath=c:\Users\tuan\AppData\Roaming\Antigravity IDE\User\workspaceStorage\db2389fb667593cc09148b34c2eb951b\redhat.java -Daether.dependencyCollector.impl=bf 
java_command: c:\Users\tuan\.antigravity-ide\extensions\redhat.java-1.54.0-win32-x64\server\plugins\org.eclipse.equinox.launcher_1.7.100.v20251111-0406.jar -configuration c:\Users\tuan\AppData\Roaming\Antigravity IDE\User\globalStorage\redhat.java\1.54.0\config_win -data c:\Users\tuan\AppData\Roaming\Antigravity IDE\User\workspaceStorage\db2389fb667593cc09148b34c2eb951b\redhat.java\jdt_ws --pipe=\\.\pipe\lsp-e13eb9c3e3dd64d656acc2e06917df09-sock
java_class_path (initial): c:\Users\tuan\.antigravity-ide\extensions\redhat.java-1.54.0-win32-x64\server\plugins\org.eclipse.equinox.launcher_1.7.100.v20251111-0406.jar
Launcher Type: SUN_STANDARD

[Global flags]
    uintx AdaptiveSizePolicyWeight                 = 90                                        {product} {command line}
     intx CICompilerCount                          = 4                                         {product} {ergonomic}
    uintx GCTimeRatio                              = 4                                         {product} {command line}
     bool HeapDumpOnOutOfMemoryError               = true                                   {manageable} {command line}
    ccstr HeapDumpPath                             = c:\Users\tuan\AppData\Roaming\Antigravity IDE\User\workspaceStorage\db2389fb667593cc09148b34c2eb951b\redhat.java         {manageable} {command line}
   size_t InitialHeapSize                          = 104857600                                 {product} {command line}
   size_t MaxHeapSize                              = 2147483648                                {product} {command line}
   size_t MaxNewSize                               = 715653120                                 {product} {ergonomic}
   size_t MinHeapDeltaBytes                        = 524288                                    {product} {ergonomic}
   size_t MinHeapSize                              = 104857600                                 {product} {command line}
   size_t NewSize                                  = 34603008                                  {product} {ergonomic}
    uintx NonNMethodCodeHeapSize                   = 5839372                                {pd product} {ergonomic}
    uintx NonProfiledCodeHeapSize                  = 122909434                              {pd product} {ergonomic}
   size_t OldSize                                  = 70254592                                  {product} {ergonomic}
    uintx ProfiledCodeHeapSize                     = 122909434                              {pd product} {ergonomic}
    uintx ReservedCodeCacheSize                    = 251658240                              {pd product} {ergonomic}
     bool SegmentedCodeCache                       = true                                      {product} {ergonomic}
   size_t SoftMaxHeapSize                          = 2147483648                             {manageable} {ergonomic}
     bool UseCompressedOops                        = true                           {product lp64_product} {ergonomic}
     bool UseLargePagesIndividualAllocation        = false                                  {pd product} {ergonomic}
     bool UseParallelGC                            = true                                      {product} {command line}

Logging:
Log output configuration:
 #0: stdout all=off uptime,level,tags foldmultilines=false
 #1: stderr all=off uptime,level,tags foldmultilines=false

Release file:
JAVA_VERSION="21.0.10" 
MODULES="java.base java.compiler java.datatransfer java.xml java.prefs java.desktop java.instrument java.logging java.management java.security.sasl java.naming java.rmi java.management.rmi java.net.http java.scripting java.security.jgss java.transaction.xa java.sql java.sql.rowset java.xml.crypto java.se java.smartcardio jdk.accessibility jdk.internal.jvmstat jdk.attach jdk.charsets jdk.internal.opt jdk.zipfs jdk.compiler jdk.crypto.ec jdk.crypto.cryptoki jdk.crypto.mscapi jdk.dynalink jdk.internal.ed jdk.editpad jdk.hotspot.agent jdk.httpserver jdk.internal.le jdk.internal.vm.ci jdk.internal.vm.compiler jdk.internal.vm.compiler.management jdk.jartool jdk.javadoc jdk.jcmd jdk.management jdk.management.agent jdk.jconsole jdk.jdeps jdk.jdwp.agent jdk.jdi jdk.jfr jdk.jshell jdk.jsobject jdk.jstatd jdk.localedata jdk.management.jfr jdk.naming.dns jdk.naming.rmi jdk.net jdk.nio.mapmode jdk.random jdk.sctp jdk.security.auth jdk.security.jgss jdk.unsupported jdk.unsupported.desktop jdk.xml.dom" 

Environment Variables:
CLASSPATH=%CLASSPATH%;%JUNIT_HOME%\JUnit4.12.jar;.;;D:\code\junit-4.13.2.jar\JUnit4.12.jar;.;;D:\code\junit-4.13.2.jar\JUnit4.12.jar;.;
PATH=c:\Users\tuan\AppData\Local\Programs\cursor\resources\app\bin;C:\Program Files\Common Files\Oracle\Java\javapath;C:\Program Files (x86)\Common Files\Oracle\Java\java8path;C:\Program Files (x86)\Common Files\Oracle\Java\javapath;C:\WINDOWS\system32;C:\WINDOWS;C:\WINDOWS\System32\Wbem;C:\WINDOWS\System32\WindowsPowerShell\v1.0\;C:\WINDOWS\System32\OpenSSH\;C:\Program Files\dotnet\;C:\Program Files\Microsoft SQL Server\Client SDK\ODBC\170\Tools\Binn\;C:\Program Files (x86)\Microsoft SQL Server\150\Tools\Binn\;C:\Program Files\Microsoft SQL Server\150\Tools\Binn\;C:\Program Files\Microsoft SQL Server\150\DTS\Binn\;C:\Program Files (x86)\Microsoft SQL Server\160\Tools\Binn\;C:\Program Files\Microsoft SQL Server\160\Tools\Binn\;C:\Program Files\Microsoft SQL Server\160\DTS\Binn\;C:\Users\tuan\AppData\Local\Microsoft\WindowsApps;C:\Users\tuan\.dotnet\tools;C:\Users\tuan\App;C:\Program Files\Git\cmd;C:\Program Files\nodejs\;C:\Program Files\Docker\Docker\resources\bin;C:\Program Files\Go\bin;C:\Users\tuan\AppData\Local\Microsoft\WindowsApps;C:\Users\tuan\.dotnet\tools;D:\Microsoft VS Code\bin;%JAVA_HOME%\bin;C:\Users\tuan\AppData\Roaming\npm;C:\Users\tuan\AppData\Local\Python\bin;C:\Users\tuan\AppData\Local\Programs\Antigravity\bin;C:\Users\tuan\go\bin;C:\Users\tuan\AppData\Local\Programs\Antigravity IDE\bin
USERNAME=tuan
OS=Windows_NT
PROCESSOR_IDENTIFIER=Intel64 Family 6 Model 142 Stepping 10, GenuineIntel
TMP=C:\Users\tuan\AppData\Local\Temp
TEMP=C:\Users\tuan\AppData\Local\Temp




Periodic native trim disabled

---------------  S Y S T E M  ---------------

OS:
 Windows 11 , 64 bit Build 26100 (10.0.26100.8521)
OS uptime: 0 days 1:39 hours
Hyper-V role detected

CPU: total 8 (initial active 8) (4 cores per cpu, 2 threads per core) family 6 model 142 stepping 10 microcode 0xf4, cx8, cmov, fxsr, ht, mmx, 3dnowpref, sse, sse2, sse3, ssse3, sse4.1, sse4.2, popcnt, lzcnt, tsc, tscinvbit, avx, avx2, aes, erms, clmul, bmi1, bmi2, rtm, adx, fma, vzeroupper, clflush, clflushopt, hv, rdtscp, f16c
Processor Information for the first 8 processors :
  Max Mhz: 1896, Current Mhz: 1696, Mhz Limit: 1687

Memory: 4k page, system-wide physical 12166M (874M free)
TotalPageFile size 16235M (AvailPageFile size 62M)
current process WorkingSet (physical memory assigned to process): 325M, peak: 333M
current process commit charge ("private bytes"): 416M, peak: 424M

vm_info: OpenJDK 64-Bit Server VM (21.0.10+7-LTS) for windows-amd64 JRE (21.0.10+7-LTS), built on 2026-01-20T00:00:00Z by "admin" with MS VC++ 17.12 (VS2022)

END.
