ERROR
URL: https://gearvn.com/products/may-bo-acer-atlos-p130f7-i5-ram-8gb-ssd-512gb
Reason: Navigation timeout of 60000 ms exceeded
Status: SKIPPED
--------------------------------
ERROR
URL: https://gearvn.com/products/bo-vi-xu-ly-amd-ryzen-5-7500f-3-7ghz-boost-5-0ghz-6-nhan-12-luong-38mb-am5-tray
Reason: Navigation timeout of 60000 ms exceeded
Status: SKIPPED
--------------------------------
ERROR
URL: https://gearvn.com/products/phan-mem-windows-11-home-online-dwnld-nr-kw9-00664
Reason: Navigation timeout of 60000 ms exceeded
Status: SKIPPED
--------------------------------
ERROR
URL: https://gearvn.com/products/may-choi-game-msi-claw-a1m
Reason: Navigation timeout of 60000 ms exceeded
Status: SKIPPED
--------------------------------
ERROR
URL: https://gearvn.com/products/may-choi-game-cam-tay-lenovo-legion-go
Reason: Navigation timeout of 60000 ms exceeded
Status: SKIPPED
--------------------------------
