#
# There is insufficient memory for the Java Runtime Environment to continue.
# Native memory allocation (mmap) failed to map 201326592 bytes for G1 virtual space
# Possible reasons:
#   The system is out of physical RAM or swap space
#   The process is running with CompressedOops enabled, and the Java Heap may be blocking the growth of the native heap
# Possible solutions:
#   Reduce memory load on the system
#   Increase physical memory or swap space
#   Check if swap backing store is full
#   Decrease Java heap size (-Xmx/-Xms)
#   Decrease number of Java threads
#   Decrease Java thread stack sizes (-Xss)
#   Set larger code cache with -XX:ReservedCodeCacheSize=
#   JVM is running with Zero Based Compressed Oops mode in which the Java heap is
#     placed in the first 32GB address space. The Java Heap base address is the
#     maximum limit for the native heap growth. Please use -XX:HeapBaseMinAddress
#     to set the Java Heap base and to place the Java Heap above 32GB virtual address.
# This output file may be truncated or incomplete.
#
#  Out of Memory Error (os_windows.cpp:3548), pid=8952, tid=7676
#
# JRE version:  (17.0.12+8) (build )
# Java VM: Java HotSpot(TM) 64-Bit Server VM (17.0.12+8-LTS-286, mixed mode, emulated-client, sharing, tiered, compressed oops, compressed class ptrs, g1 gc, windows-amd64)
# No core dump will be written. Minidumps are not enabled by default on client versions of Windows
#

---------------  S U M M A R Y ------------

Command Line: -Dcom.sun.management.jmxremote -Dcom.sun.management.jmxremote.port=52852 -Dcom.sun.management.jmxremote.authenticate=false -Dcom.sun.management.jmxremote.ssl=false -Djava.rmi.server.hostname=localhost -Dspring.jmx.enabled=true -Dmanagement.endpoints.jmx.exposure.include=* -Dspring.application.admin.enabled=true -Dspring.output.ansi.enabled=always -XX:TieredStopAtLevel=1 -Dspring.boot.project.name=Project-management-with-Agile -Dfile.encoding=UTF-8 -Dstdout.encoding=UTF-8 -Dstderr.encoding=UTF-8 -XX:+ShowCodeDetailsInExceptionMessages poly.edu.LuxuryPcApplication

Host: Intel(R) Core(TM) i5-8350U CPU @ 1.70GHz, 8 cores, 11G,  Windows 11 , 64 bit Build 26100 (10.0.26100.8328)
Time: Wed Jun 10 08:35:26 2026 SE Asia Standard Time elapsed time: 0.058650 seconds (0d 0h 0m 0s)

---------------  T H R E A D  ---------------

Current thread (0x000001e4ab8f8af0):  JavaThread "Unknown thread" [_thread_in_vm, id=7676, stack(0x0000000937a00000,0x0000000937b00000)]

Stack: [0x0000000937a00000,0x0000000937b00000]
Native frames: (J=compiled Java code, j=interpreted, Vv=VM code, C=native code)
V  [jvm.dll+0x67a04a]
V  [jvm.dll+0x7da4ed]
V  [jvm.dll+0x7dbe33]
V  [jvm.dll+0x7dc4a3]
V  [jvm.dll+0x24508f]
V  [jvm.dll+0x677089]
V  [jvm.dll+0x66bd32]
V  [jvm.dll+0x301fa6]
V  [jvm.dll+0x309546]
V  [jvm.dll+0x359d2e]
V  [jvm.dll+0x359f5f]
V  [jvm.dll+0x2d9078]
V  [jvm.dll+0x2d9fe4]
V  [jvm.dll+0x7aca21]
V  [jvm.dll+0x367591]
V  [jvm.dll+0x78b999]
V  [jvm.dll+0x3ec83f]
V  [jvm.dll+0x3ee471]
C  [jli.dll+0x5297]
C  [ucrtbase.dll+0x37b0]
C  [KERNEL32.DLL+0x2e957]
C  [ntdll.dll+0x427c]


---------------  P R O C E S S  ---------------

Threads class SMR info:
_java_thread_list=0x00007ff8c6d67a18, length=0, elements={
}

Java Threads: ( => current thread )

Other Threads:
  0x000001e4ab94d8a0 GCTaskThread "GC Thread#0" [stack: 0x0000000937b00000,0x0000000937c00000] [id=1244]
  0x000001e4ab95a600 ConcurrentGCThread "G1 Main Marker" [stack: 0x0000000937c00000,0x0000000937d00000] [id=20160]
  0x000001e4ab95c480 ConcurrentGCThread "G1 Conc#0" [stack: 0x0000000937d00000,0x0000000937e00000] [id=17520]

[error occurred during error reporting (printing all threads), id 0xc0000005, EXCEPTION_ACCESS_VIOLATION (0xc0000005) at pc=0x00007ff8c6599b67]

VM state: not at safepoint (not fully initialized)

VM Mutex/Monitor currently owned by a thread:  ([mutex/lock_event])
[0x000001e4ab8f62e0] Heap_lock - owner thread: 0x000001e4ab8f8af0

Heap address: 0x0000000741e00000, size: 3042 MB, Compressed Oops mode: Zero based, Oop shift amount: 3

CDS archive(s) mapped at: [0x0000000000000000-0x0000000000000000-0x0000000000000000), size 0, SharedBaseAddress: 0x0000000800000000, ArchiveRelocationMode: 1.
Narrow klass base: 0x0000000000000000, Narrow klass shift: 0, Narrow klass range: 0x0

GC Precious Log:
<Empty>

Heap:
 garbage-first heap   total 0K, used 0K [0x0000000741e00000, 0x0000000800000000)
  region size 2048K, 0 young (0K), 0 survivors (0K)

[error occurred during error reporting (printing heap information), id 0xc0000005, EXCEPTION_ACCESS_VIOLATION (0xc0000005) at pc=0x00007ff8c6983859]

GC Heap History (0 events):
No events

Deoptimization events (0 events):
No events

Classes unloaded (0 events):
No events

Classes redefined (0 events):
No events

Internal exceptions (0 events):
No events

VM Operations (0 events):
No events

Events (1 events):
Event: 0.029 Loaded shared library C:\Program Files\Java\jdk-17\bin\java.dll


Dynamic libraries:
0x00007ff678cd0000 - 0x00007ff678ce0000 	C:\Program Files\Java\jdk-17\bin\javaw.exe
0x00007ff957ce0000 - 0x00007ff957f47000 	C:\WINDOWS\SYSTEM32\ntdll.dll
0x00007ff9573e0000 - 0x00007ff9574a9000 	C:\WINDOWS\System32\KERNEL32.DLL
0x00007ff9549c0000 - 0x00007ff954db7000 	C:\WINDOWS\System32\KERNELBASE.dll
0x00007ff954dc0000 - 0x00007ff954f0b000 	C:\WINDOWS\System32\ucrtbase.dll
0x00007ff94c8c0000 - 0x00007ff94c8d9000 	C:\Program Files\Java\jdk-17\bin\jli.dll
0x00007ff957710000 - 0x00007ff9577c6000 	C:\WINDOWS\System32\ADVAPI32.dll
0x00007ff955c10000 - 0x00007ff955cb9000 	C:\WINDOWS\System32\msvcrt.dll
0x00007ff94c780000 - 0x00007ff94c79b000 	C:\Program Files\Java\jdk-17\bin\VCRUNTIME140.dll
0x00007ff957be0000 - 0x00007ff957c87000 	C:\WINDOWS\System32\sechost.dll
0x00007ff956f70000 - 0x00007ff957088000 	C:\WINDOWS\System32\RPCRT4.dll
0x00007ff957a10000 - 0x00007ff957bd6000 	C:\WINDOWS\System32\USER32.dll
0x00007ff9547a0000 - 0x00007ff9547c7000 	C:\WINDOWS\System32\win32u.dll
0x00007ff9579e0000 - 0x00007ff957a0b000 	C:\WINDOWS\System32\GDI32.dll
0x00007ff93e370000 - 0x00007ff93e602000 	C:\WINDOWS\WinSxS\amd64_microsoft.windows.common-controls_6595b64144ccf1df_6.0.26100.8457_none_3e0b2faee331e92d\COMCTL32.dll
0x00007ff954890000 - 0x00007ff9549bc000 	C:\WINDOWS\System32\gdi32full.dll
0x00007ff954fc0000 - 0x00007ff955063000 	C:\WINDOWS\System32\msvcp_win.dll
0x00007ff94b1a0000 - 0x00007ff94b1ab000 	C:\WINDOWS\SYSTEM32\VERSION.dll
0x00007ff9577d0000 - 0x00007ff957802000 	C:\WINDOWS\System32\IMM32.DLL
0x00007ff94cc80000 - 0x00007ff94cc8c000 	C:\Program Files\Java\jdk-17\bin\vcruntime140_1.dll
0x00007ff941f40000 - 0x00007ff941fce000 	C:\Program Files\Java\jdk-17\bin\msvcp140.dll
0x00007ff8c62b0000 - 0x00007ff8c6e90000 	C:\Program Files\Java\jdk-17\bin\server\jvm.dll
0x00007ff955a60000 - 0x00007ff955a68000 	C:\WINDOWS\System32\PSAPI.DLL
0x00007ff94c8b0000 - 0x00007ff94c8ba000 	C:\WINDOWS\SYSTEM32\WSOCK32.dll
0x00007ff955a70000 - 0x00007ff955af0000 	C:\WINDOWS\System32\WS2_32.dll
0x00007ff9424d0000 - 0x00007ff942506000 	C:\WINDOWS\SYSTEM32\WINMM.dll
0x00007ff9534a0000 - 0x00007ff9534bb000 	C:\WINDOWS\SYSTEM32\kernel.appcore.dll
0x00007ff94b150000 - 0x00007ff94b15a000 	C:\Program Files\Java\jdk-17\bin\jimage.dll
0x00007ff94e8b0000 - 0x00007ff94eaf2000 	C:\WINDOWS\SYSTEM32\DBGHELP.DLL
0x00007ff955cf0000 - 0x00007ff956073000 	C:\WINDOWS\System32\combase.dll
0x00007ff957810000 - 0x00007ff9578e9000 	C:\WINDOWS\System32\OLEAUT32.dll
0x00007ff91e440000 - 0x00007ff91e47b000 	C:\WINDOWS\SYSTEM32\dbgcore.DLL
0x00007ff954f10000 - 0x00007ff954fb8000 	C:\WINDOWS\System32\bcryptPrimitives.dll
0x00007ff948fe0000 - 0x00007ff949005000 	C:\Program Files\Java\jdk-17\bin\java.dll

dbghelp: loaded successfully - version: 4.0.5 - missing functions: none
symbol engine: initialized successfully - sym options: 0x614 - pdb path: .;C:\Program Files\Java\jdk-17\bin;C:\WINDOWS\SYSTEM32;C:\WINDOWS\WinSxS\amd64_microsoft.windows.common-controls_6595b64144ccf1df_6.0.26100.8457_none_3e0b2faee331e92d;C:\Program Files\Java\jdk-17\bin\server

VM Arguments:
jvm_args: -Dcom.sun.management.jmxremote -Dcom.sun.management.jmxremote.port=52852 -Dcom.sun.management.jmxremote.authenticate=false -Dcom.sun.management.jmxremote.ssl=false -Djava.rmi.server.hostname=localhost -Dspring.jmx.enabled=true -Dmanagement.endpoints.jmx.exposure.include=* -Dspring.application.admin.enabled=true -Dspring.output.ansi.enabled=always -XX:TieredStopAtLevel=1 -Dspring.boot.project.name=Project-management-with-Agile -Dfile.encoding=UTF-8 -Dstdout.encoding=UTF-8 -Dstderr.encoding=UTF-8 -XX:+ShowCodeDetailsInExceptionMessages 
java_command: poly.edu.LuxuryPcApplication
java_class_path (initial): D:\Project-management-with-Agile\Project-management-with-Agile\target\classes;C:\Users\tuan\.m2\repository\org\springframework\boot\spring-boot-starter-web\3.2.4\spring-boot-starter-web-3.2.4.jar;C:\Users\tuan\.m2\repository\org\springframework\boot\spring-boot-starter\3.2.4\spring-boot-starter-3.2.4.jar;C:\Users\tuan\.m2\repository\org\springframework\boot\spring-boot-starter-logging\3.2.4\spring-boot-starter-logging-3.2.4.jar;C:\Users\tuan\.m2\repository\ch\qos\logback\logback-classic\1.4.14\logback-classic-1.4.14.jar;C:\Users\tuan\.m2\repository\ch\qos\logback\logback-core\1.4.14\logback-core-1.4.14.jar;C:\Users\tuan\.m2\repository\org\apache\logging\log4j\log4j-to-slf4j\2.21.1\log4j-to-slf4j-2.21.1.jar;C:\Users\tuan\.m2\repository\org\apache\logging\log4j\log4j-api\2.21.1\log4j-api-2.21.1.jar;C:\Users\tuan\.m2\repository\org\slf4j\jul-to-slf4j\2.0.12\jul-to-slf4j-2.0.12.jar;C:\Users\tuan\.m2\repository\jakarta\annotation\jakarta.annotation-api\2.1.1\jakarta.annotation-api-2.1.1.jar;C:\Users\tuan\.m2\repository\org\yaml\snakeyaml\2.2\snakeyaml-2.2.jar;C:\Users\tuan\.m2\repository\org\springframework\boot\spring-boot-starter-json\3.2.4\spring-boot-starter-json-3.2.4.jar;C:\Users\tuan\.m2\repository\com\fasterxml\jackson\core\jackson-databind\2.15.4\jackson-databind-2.15.4.jar;C:\Users\tuan\.m2\repository\com\fasterxml\jackson\core\jackson-annotations\2.15.4\jackson-annotations-2.15.4.jar;C:\Users\tuan\.m2\repository\com\fasterxml\jackson\core\jackson-core\2.15.4\jackson-core-2.15.4.jar;C:\Users\tuan\.m2\repository\com\fasterxml\jackson\datatype\jackson-datatype-jdk8\2.15.4\jackson-datatype-jdk8-2.15.4.jar;C:\Users\tuan\.m2\repository\com\fasterxml\jackson\datatype\jackson-datatype-jsr310\2.15.4\jackson-datatype-jsr310-2.15.4.jar;C:\Users\tuan\.m2\repository\com\fasterxml\jackson\module\jackson-module-parameter-names\2.15.4\jackson-module-parameter-names-2.15.4.jar;C:\Users\tuan\.m2\repository\org\springframework\boot\spring-boot-starte
Launcher Type: SUN_STANDARD

[Global flags]
     intx CICompilerCount                          = 4                                         {product} {ergonomic}
     uint ConcGCThreads                            = 2                                         {product} {ergonomic}
     uint G1ConcRefinementThreads                  = 8                                         {product} {ergonomic}
   size_t G1HeapRegionSize                         = 2097152                                   {product} {ergonomic}
    uintx GCDrainStackTargetSize                   = 64                                        {product} {ergonomic}
   size_t InitialHeapSize                          = 201326592                                 {product} {ergonomic}
     bool ManagementServer                         = true                                      {product} {command line}
   size_t MarkStackSize                            = 4194304                                   {product} {ergonomic}
   size_t MaxHeapSize                              = 3189768192                                {product} {ergonomic}
   size_t MinHeapDeltaBytes                        = 2097152                                   {product} {ergonomic}
   size_t MinHeapSize                              = 8388608                                   {product} {ergonomic}
    uintx NonProfiledCodeHeapSize                  = 0                                      {pd product} {ergonomic}
     bool ProfileInterpreter                       = false                                  {pd product} {command line}
    uintx ProfiledCodeHeapSize                     = 0                                      {pd product} {ergonomic}
     bool ShowCodeDetailsInExceptionMessages       = true                                   {manageable} {command line}
   size_t SoftMaxHeapSize                          = 3189768192                             {manageable} {ergonomic}
     intx TieredStopAtLevel                        = 1                                         {product} {command line}
     bool UseCompressedClassPointers               = true                           {product lp64_product} {ergonomic}
     bool UseCompressedOops                        = true                           {product lp64_product} {ergonomic}
     bool UseG1GC                                  = true                                      {product} {ergonomic}
     bool UseLargePagesIndividualAllocation        = false                                  {pd product} {ergonomic}

Logging:
Log output configuration:
 #0: stdout all=warning uptime,level,tags
 #1: stderr all=off uptime,level,tags

Environment Variables:
CLASSPATH=%CLASSPATH%;%JUNIT_HOME%\JUnit4.12.jar;.;;D:\code\junit-4.13.2.jar\JUnit4.12.jar;.;;D:\code\junit-4.13.2.jar\JUnit4.12.jar;.;
PATH=D:/spring-tools-for-eclipse-5.0.1.RELEASE-e4.38.0-win32.win32.x86_64/sts-5.0.1.RELEASE//plugins/org.eclipse.justj.openjdk.hotspot.jre.full.win32.x86_64_25.0.1.v20251108-1451/jre/bin/server;D:/spring-tools-for-eclipse-5.0.1.RELEASE-e4.38.0-win32.win32.x86_64/sts-5.0.1.RELEASE//plugins/org.eclipse.justj.openjdk.hotspot.jre.full.win32.x86_64_25.0.1.v20251108-1451/jre/bin;c:\Users\tuan\AppData\Local\Programs\cursor\resources\app\bin;C:\Program Files\Common Files\Oracle\Java\javapath;C:\Program Files (x86)\Common Files\Oracle\Java\java8path;C:\Program Files (x86)\Common Files\Oracle\Java\javapath;C:\WINDOWS\system32;C:\WINDOWS;C:\WINDOWS\System32\Wbem;C:\WINDOWS\System32\WindowsPowerShell\v1.0\;C:\WINDOWS\System32\OpenSSH\;C:\Program Files\dotnet\;C:\Program Files\Microsoft SQL Server\Client SDK\ODBC\170\Tools\Binn\;C:\Program Files (x86)\Microsoft SQL Server\150\Tools\Binn\;C:\Program Files\Microsoft SQL Server\150\Tools\Binn\;C:\Program Files\Microsoft SQL Server\150\DTS\Binn\;C:\Program Files (x86)\Microsoft SQL Server\160\Tools\Binn\;C:\Program Files\Microsoft SQL Server\160\Tools\Binn\;C:\Program Files\Microsoft SQL Server\160\DTS\Binn\;C:\Users\tuan\AppData\Local\Microsoft\WindowsApps;C:\Users\tuan\.dotnet\tools;C:\Users\tuan\App;C:\Program Files\Git\cmd;C:\Program Files\nodejs\;C:\Program Files\Docker\Docker\resources\bin;C:\Program Files\Go\bin;C:\Users\tuan\AppData\Local\Microsoft\WindowsApps;C:\Users\tuan\.dotnet\tools;D:\Microsoft VS Code\bin;%JAVA_HOME%\bin;C:\Users\tuan\AppData\Roaming\npm;C:\Users\tuan\AppData\Local\Python\bin;C:\Users\tuan\AppData\Local\Programs\Antigravity\bin;C:\Users\tuan\go\bin;C:\Users\tuan\AppData\Local\Programs\Antigravity IDE\bin;D:\spring-tools-for-eclipse-5.0.1.RELEASE-e4.38.0-win32.win32.x86_64\sts-5.0.1.RELEASE;
USERNAME=tuan
OS=Windows_NT
PROCESSOR_IDENTIFIER=Intel64 Family 6 Model 142 Stepping 10, GenuineIntel



---------------  S Y S T E M  ---------------

OS:
 Windows 11 , 64 bit Build 26100 (10.0.26100.8328)
OS uptime: 0 days 0:19 hours
Hyper-V role detected

CPU: total 8 (initial active 8) (4 cores per cpu, 2 threads per core) family 6 model 142 stepping 10 microcode 0xf4, cx8, cmov, fxsr, ht, mmx, 3dnowpref, sse, sse2, sse3, ssse3, sse4.1, sse4.2, popcnt, lzcnt, tsc, tscinvbit, avx, avx2, aes, erms, clmul, bmi1, bmi2, rtm, adx, fma, vzeroupper, clflush, clflushopt, hv

Memory: 4k page, system-wide physical 12166M (786M free)
TotalPageFile size 16188M (AvailPageFile size 125M)
current process WorkingSet (physical memory assigned to process): 13M, peak: 13M
current process commit charge ("private bytes"): 55M, peak: 247M

vm_info: Java HotSpot(TM) 64-Bit Server VM (17.0.12+8-LTS-286) for windows-amd64 JRE (17.0.12+8-LTS-286), built on Jun  5 2024 06:46:59 by "mach5one" with MS VC++ 17.6 (VS2022)

END.
